Archive member included to satisfy reference by file (symbol)

/Users/mannylemos/Desktop/MechTron 3K04 /Matlab 3K04/slprj/ert/_sharedutils/rtwshared.lib(rt_nonfinite.o)
                              A2_V4.o (rt_InitInfAndNaN)
/Users/mannylemos/Desktop/MechTron 3K04 /Matlab 3K04/slprj/ert/_sharedutils/rtwshared.lib(rt_roundd_snf.o)
                              A2_V4.o (rt_roundd_snf)
/Users/mannylemos/Desktop/MechTron 3K04 /Matlab 3K04/slprj/ert/_sharedutils/rtwshared.lib(rtGetInf.o)
                              /Users/mannylemos/Desktop/MechTron 3K04 /Matlab 3K04/slprj/ert/_sharedutils/rtwshared.lib(rt_nonfinite.o) (rtGetInf)
/Users/mannylemos/Desktop/MechTron 3K04 /Matlab 3K04/slprj/ert/_sharedutils/rtwshared.lib(rtGetNaN.o)
                              /Users/mannylemos/Desktop/MechTron 3K04 /Matlab 3K04/slprj/ert/_sharedutils/rtwshared.lib(rt_nonfinite.o) (rtGetNaN)
/Users/mannylemos/Documents/MATLAB/SupportPackages/R2020a/3P.instrset/cmsis.instrset/CMSIS/RTOS/RTX/LIB/GCC/libRTX_CM4.a(rt_cmsis.o)
                              RTX_Conf_CM.o (osKernelInitialize)
/Users/mannylemos/Documents/MATLAB/SupportPackages/R2020a/3P.instrset/cmsis.instrset/CMSIS/RTOS/RTX/LIB/GCC/libRTX_CM4.a(hal_cm.o)
                              /Users/mannylemos/Documents/MATLAB/SupportPackages/R2020a/3P.instrset/cmsis.instrset/CMSIS/RTOS/RTX/LIB/GCC/libRTX_CM4.a(rt_cmsis.o) (rt_ret_val)
/Users/mannylemos/Documents/MATLAB/SupportPackages/R2020a/3P.instrset/cmsis.instrset/CMSIS/RTOS/RTX/LIB/GCC/libRTX_CM4.a(rt_memory.o)
                              /Users/mannylemos/Documents/MATLAB/SupportPackages/R2020a/3P.instrset/cmsis.instrset/CMSIS/RTOS/RTX/LIB/GCC/libRTX_CM4.a(rt_cmsis.o) (rt_init_mem)
/Users/mannylemos/Documents/MATLAB/SupportPackages/R2020a/3P.instrset/cmsis.instrset/CMSIS/RTOS/RTX/LIB/GCC/libRTX_CM4.a(rt_membox.o)
                              /Users/mannylemos/Documents/MATLAB/SupportPackages/R2020a/3P.instrset/cmsis.instrset/CMSIS/RTOS/RTX/LIB/GCC/libRTX_CM4.a(rt_cmsis.o) (_init_box)
/Users/mannylemos/Documents/MATLAB/SupportPackages/R2020a/3P.instrset/cmsis.instrset/CMSIS/RTOS/RTX/LIB/GCC/libRTX_CM4.a(rt_mutex.o)
                              /Users/mannylemos/Documents/MATLAB/SupportPackages/R2020a/3P.instrset/cmsis.instrset/CMSIS/RTOS/RTX/LIB/GCC/libRTX_CM4.a(rt_cmsis.o) (rt_mut_init)
/Users/mannylemos/Documents/MATLAB/SupportPackages/R2020a/3P.instrset/cmsis.instrset/CMSIS/RTOS/RTX/LIB/GCC/libRTX_CM4.a(rt_time.o)
                              /Users/mannylemos/Documents/MATLAB/SupportPackages/R2020a/3P.instrset/cmsis.instrset/CMSIS/RTOS/RTX/LIB/GCC/libRTX_CM4.a(rt_cmsis.o) (os_time)
/Users/mannylemos/Documents/MATLAB/SupportPackages/R2020a/3P.instrset/cmsis.instrset/CMSIS/RTOS/RTX/LIB/GCC/libRTX_CM4.a(rt_semaphore.o)
                              /Users/mannylemos/Documents/MATLAB/SupportPackages/R2020a/3P.instrset/cmsis.instrset/CMSIS/RTOS/RTX/LIB/GCC/libRTX_CM4.a(rt_cmsis.o) (rt_sem_init)
/Users/mannylemos/Documents/MATLAB/SupportPackages/R2020a/3P.instrset/cmsis.instrset/CMSIS/RTOS/RTX/LIB/GCC/libRTX_CM4.a(rt_mailbox.o)
                              /Users/mannylemos/Documents/MATLAB/SupportPackages/R2020a/3P.instrset/cmsis.instrset/CMSIS/RTOS/RTX/LIB/GCC/libRTX_CM4.a(rt_cmsis.o) (rt_mbx_init)
/Users/mannylemos/Documents/MATLAB/SupportPackages/R2020a/3P.instrset/cmsis.instrset/CMSIS/RTOS/RTX/LIB/GCC/libRTX_CM4.a(rt_list.o)
                              /Users/mannylemos/Documents/MATLAB/SupportPackages/R2020a/3P.instrset/cmsis.instrset/CMSIS/RTOS/RTX/LIB/GCC/libRTX_CM4.a(rt_cmsis.o) (rt_put_prio)
/Users/mannylemos/Documents/MATLAB/SupportPackages/R2020a/3P.instrset/cmsis.instrset/CMSIS/RTOS/RTX/LIB/GCC/libRTX_CM4.a(rt_event.o)
                              /Users/mannylemos/Documents/MATLAB/SupportPackages/R2020a/3P.instrset/cmsis.instrset/CMSIS/RTOS/RTX/LIB/GCC/libRTX_CM4.a(rt_cmsis.o) (rt_evt_wait)
/Users/mannylemos/Documents/MATLAB/SupportPackages/R2020a/3P.instrset/cmsis.instrset/CMSIS/RTOS/RTX/LIB/GCC/libRTX_CM4.a(rt_system.o)
                              /Users/mannylemos/Documents/MATLAB/SupportPackages/R2020a/3P.instrset/cmsis.instrset/CMSIS/RTOS/RTX/LIB/GCC/libRTX_CM4.a(rt_cmsis.o) (rt_suspend)
/Users/mannylemos/Documents/MATLAB/SupportPackages/R2020a/3P.instrset/cmsis.instrset/CMSIS/RTOS/RTX/LIB/GCC/libRTX_CM4.a(rt_task.o)
                              /Users/mannylemos/Documents/MATLAB/SupportPackages/R2020a/3P.instrset/cmsis.instrset/CMSIS/RTOS/RTX/LIB/GCC/libRTX_CM4.a(rt_system.o) (rt_switch_req)
/Users/mannylemos/Documents/MATLAB/SupportPackages/R2020a/3P.instrset/cmsis.instrset/CMSIS/RTOS/RTX/LIB/GCC/libRTX_CM4.a(hal_cm4.o)
                              /Users/mannylemos/Documents/MATLAB/SupportPackages/R2020a/3P.instrset/cmsis.instrset/CMSIS/RTOS/RTX/LIB/GCC/libRTX_CM4.a(rt_task.o) (rt_get_PSP)
/Users/mannylemos/Documents/MATLAB/SupportPackages/R2020a/3P.instrset/cmsis.instrset/CMSIS/RTOS/RTX/LIB/GCC/libRTX_CM4.a(svc_table.o)
[...]
Memory Configuration

Name             Origin             Length             Attributes
m_interrupts     0x0000000000000000 0x0000000000000400 xr
m_flash_config   0x0000000000000400 0x0000000000000010 xr
m_text           0x0000000000000410 0x00000000000ffbf0 xr
m_data_2         0x000000001fff0000 0x0000000000010000 rw
m_data           0x0000000020000000 0x0000000000030000 rw
*default*        0x0000000000000000 0xffffffffffffffff

Linker script and memory map

LOAD /Users/mannylemos/Documents/MATLAB/SupportPackages/R2020a/3P.instrset/gnuarm-armcortex.instrset/maci64/gcc-arm-none-eabi-7-2017-q4-major/bin/../lib/gcc/arm-none-eabi/7.2.1/thumb/v7e-m/fpv4-sp/hard/crti.o
LOAD /Users/mannylemos/Documents/MATLAB/SupportPackages/R2020a/3P.instrset/gnuarm-armcortex.instrset/maci64/gcc-arm-none-eabi-7-2017-q4-major/bin/../lib/gcc/arm-none-eabi/7.2.1/thumb/v7e-m/fpv4-sp/hard/crtbegin.o
LOAD /Users/mannylemos/Documents/MATLAB/SupportPackages/R2020a/3P.instrset/gnuarm-armcortex.instrset/maci64/gcc-arm-none-eabi-7-2017-q4-major/bin/../lib/gcc/arm-none-eabi/7.2.1/../../../../arm-none-eabi/lib/thumb/v7e-m/fpv4-sp/hard/crt0.o
LOAD A2_V4.o
LOAD A2_V4_data.o
LOAD DCM_SEND.o
LOAD MW_AnalogInput.o
LOAD MW_I2C.o
LOAD MW_PWM.o
LOAD MW_SCI.o
LOAD MW_digitalIO.o
LOAD RTX_Conf_CM.o
LOAD board.o
LOAD cmsis_rtos_init.o
LOAD ert_main.o
LOAD fsl_edma_irq.o
LOAD fsl_misc_utilities.o
LOAD fsl_uart_irq.o
LOAD hardware_init.o
LOAD i2c_api.o
LOAD irq_stub.o
LOAD mw_sdk_interface.o
LOAD mw_semaphore.o
LOAD mw_signal.o
LOAD mw_thread.o
LOAD mw_timer.o
LOAD pin_mux.o
LOAD sbrk.o
LOAD startup.o
LOAD startup_MK64F12.o
LOAD system_MK64F12.o
LOAD /Users/mannylemos/Desktop/MechTron 3K04 /Matlab 3K04/slprj/ert/_sharedutils/rtwshared.lib
LOAD /Users/mannylemos/Documents/MATLAB/SupportPackages/R2020a/3P.instrset/cmsis.instrset/CMSIS/Lib/GCC/libarm_cortexM4lf_math.a
LOAD /Users/mannylemos/Documents/MATLAB/SupportPackages/R2020a/3P.instrset/cmsis.instrset/CMSIS/RTOS/RTX/LIB/GCC/libRTX_CM4.a
LOAD /Users/mannylemos/Documents/MATLAB/SupportPackages/R2020a/toolbox/target/supportpackages/freedomk64f/src/ksdk_armgcc_lib/bm/libksdk_platform.a
LOAD /Users/mannylemos/Documents/MATLAB/SupportPackages/R2020a/3P.instrset/gnuarm-armcortex.instrset/maci64/gcc-arm-none-eabi-7-2017-q4-major/bin/../lib/gcc/arm-none-eabi/7.2.1/../../../../arm-none-eabi/lib/thumb/v7e-m/fpv4-sp/hard/libstdc++.a
LOAD /Users/mannylemos/Documents/MATLAB/SupportPackages/R2020a/3P.instrset/gnuarm-armcortex.instrset/maci64/gcc-arm-none-eabi-7-2017-q4-major/bin/../lib/gcc/arm-none-eabi/7.2.1/../../../../arm-none-eabi/lib/thumb/v7e-m/fpv4-sp/hard/libm.a
START GROUP
LOAD /Users/mannylemos/Documents/MATLAB/SupportPackages/R2020a/3P.instrset/gnuarm-armcortex.instrset/maci64/gcc-arm-none-eabi-7-2017-q4-major/bin/../lib/gcc/arm-none-eabi/7.2.1/thumb/v7e-m/fpv4-sp/hard/libgcc.a
LOAD /Users/mannylemos/Documents/MATLAB/SupportPackages/R2020a/3P.instrset/gnuarm-armcortex.instrset/maci64/gcc-arm-none-eabi-7-2017-q4-major/bin/../lib/gcc/arm-none-eabi/7.2.1/../../../../arm-none-eabi/lib/thumb/v7e-m/fpv4-sp/hard/libg.a
LOAD /Users/mannylemos/Documents/MATLAB/SupportPackages/R2020a/3P.instrset/gnuarm-armcortex.instrset/maci64/gcc-arm-none-eabi-7-2017-q4-major/bin/../lib/gcc/arm-none-eabi/7.2.1/../../../../arm-none-eabi/lib/thumb/v7e-m/fpv4-sp/hard/libc.a
END GROUP
START GROUP
LOAD /Users/mannylemos/Documents/MATLAB/SupportPackages/R2020a/3P.instrset/gnuarm-armcortex.instrset/maci64/gcc-arm-none-eabi-7-2017-q4-major/bin/../lib/gcc/arm-none-eabi/7.2.1/thumb/v7e-m/fpv4-sp/hard/libgcc.a
LOAD /Users/mannylemos/Documents/MATLAB/SupportPackages/R2020a/3P.instrset/gnuarm-armcortex.instrset/maci64/gcc-arm-none-eabi-7-2017-q4-major/bin/../lib/gcc/arm-none-eabi/7.2.1/../../../../arm-none-eabi/lib/thumb/v7e-m/fpv4-sp/hard/libc.a
LOAD /Users/mannylemos/Documents/MATLAB/SupportPackages/R2020a/3P.instrset/gnuarm-armcortex.instrset/maci64/gcc-arm-none-eabi-7-2017-q4-major/bin/../lib/gcc/arm-none-eabi/7.2.1/../../../../arm-none-eabi/lib/thumb/v7e-m/fpv4-sp/hard/libnosys.a
END GROUP
LOAD /Users/mannylemos/Documents/MATLAB/SupportPackages/R2020a/3P.instrset/gnuarm-armcortex.instrset/maci64/gcc-arm-none-eabi-7-2017-q4-major/bin/../lib/gcc/arm-none-eabi/7.2.1/thumb/v7e-m/fpv4-sp/hard/crtend.o
LOAD /Users/mannylemos/Documents/MATLAB/SupportPackages/R2020a/3P.instrset/gnuarm-armcortex.instrset/maci64/gcc-arm-none-eabi-7-2017-q4-major/bin/../lib/gcc/arm-none-eabi/7.2.1/thumb/v7e-m/fpv4-sp/hard/crtn.o
                0x0000000000000400                HEAP_SIZE = DEFINED (__heap_size__)?__heap_size__:0x400
                0x0000000000000400                STACK_SIZE = DEFINED (__stack_size__)?__stack_size__:0x400
                0x0000000000000000                M_VECTOR_RAM_SIZE = DEFINED (__ram_vector_table__)?0x400:0x0

.interrupts     0x0000000000000000      0x400
                0x0000000000000000                __VECTOR_TABLE = .
                0x0000000000000000                . = ALIGN (0x4)
 *(.isr_vector)
 .isr_vector    0x0000000000000000      0x400 startup_MK64F12.o
                0x0000000000000000                __isr_vector
                0x0000000000000400                . = ALIGN (0x4)

.flash_config   0x0000000000000400       0x10
                0x0000000000000400                . = ALIGN (0x4)
 *(.FlashConfig)
 .FlashConfig   0x0000000000000400       0x10 startup_MK64F12.o
                0x0000000000000410                . = ALIGN (0x4)

.text           0x0000000000000440    0x12a60
                0x0000000000000440                . = ALIGN (0x4)
 *(.text)
 .text          0x0000000000000440       0x40 /Users/mannylemos/Documents/MATLAB/SupportPackages/R2020a/3P.instrset/gnuarm-armcortex.instrset/maci64/gcc-arm-none-eabi-7-2017-q4-major/bin/../lib/gcc/arm-none-eabi/7.2.1/thumb/v7e-m/fpv4-sp/hard/crtbegin.o
 .text          0x0000000000000480       0x74 /Users/mannylemos/Documents/MATLAB/SupportPackages/R2020a/3P.instrset/gnuarm-armcortex.instrset/maci64/gcc-arm-none-eabi-7-2017-q4-major/bin/../lib/gcc/arm-none-eabi/7.2.1/../../../../arm-none-eabi/lib/thumb/v7e-m/fpv4-sp/hard/crt0.o
                0x0000000000000480                _mainCRTStartup
                0x0000000000000480                _start
 .text          0x00000000000004f4       0x14 startup_MK64F12.o
                0x00000000000004f4                Reset_Handler
                0x0000000000000504                PIT0_IRQHandler
                0x0000000000000504                ENET_Receive_IRQHandler
                0x0000000000000504                ENET_1588_Timer_IRQHandler
                0x0000000000000504                DefaultISR
                0x0000000000000504                PIT2_IRQHandler
                0x0000000000000504                PIT3_IRQHandler
                0x0000000000000504                SDHC_IRQHandler
                0x0000000000000504                ENET_Transmit_IRQHandler
                0x0000000000000504                ENET_Error_IRQHandler
                0x0000000000000504                PIT1_IRQHandler
 .text          0x0000000000000508      0x198 /Users/mannylemos/Documents/MATLAB/SupportPackages/R2020a/3P.instrset/cmsis.instrset/CMSIS/RTOS/RTX/LIB/GCC/libRTX_CM4.a(hal_cm4.o)
                0x0000000000000508                rt_set_PSP
                0x000000000000050e                rt_get_PSP
                0x0000000000000514                os_set_env
                0x000000000000052c                _alloc_box
                0x0000000000000548                _free_box
                0x0000000000000564                SVC_Handler
                0x000000000000060a                PendSV_Handler
                0x0000000000000610                Sys_Switch
                0x000000000000066a                SysTick_Handler
                0x0000000000000674                OS_Tick_Handler
 .text          0x00000000000006a0      0x378 /Users/mannylemos/Documents/MATLAB/SupportPackages/R2020a/3P.instrset/gnuarm-armcortex.instrset/maci64/gcc-arm-none-eabi-7-2017-q4-major/bin/../lib/gcc/arm-none-eabi/7.2.1/thumb/v7e-m/fpv4-sp/hard/libgcc.a(_arm_addsubdf3.o)
                0x00000000000006a0                __aeabi_drsub
                0x00000000000006a8                __subdf3
                0x00000000000006a8                __aeabi_dsub
                0x00000000000006ac                __aeabi_dadd
                0x00000000000006ac                __adddf3
                0x0000000000000924                __aeabi_ui2d
                0x0000000000000924                __floatunsidf
                0x0000000000000944                __floatsidf
                0x0000000000000944                __aeabi_i2d
                0x0000000000000968                __extendsfdf2
                0x0000000000000968                __aeabi_f2d
                0x00000000000009ac                __aeabi_ul2d
                0x00000000000009ac                __floatundidf
                0x00000000000009bc                __aeabi_l2d
                0x00000000000009bc                __floatdidf
 .text          0x0000000000000a18      0x424 /Users/mannylemos/Documents/MATLAB/SupportPackages/R2020a/3P.instrset/gnuarm-armcortex.instrset/maci64/gcc-arm-none-eabi-7-2017-q4-major/bin/../lib/gcc/arm-none-eabi/7.2.1/thumb/v7e-m/fpv4-sp/hard/libgcc.a(_arm_muldivdf3.o)
                0x0000000000000a18                __aeabi_dmul
                0x0000000000000a18                __muldf3
                0x0000000000000c6c                __aeabi_ddiv
                0x0000000000000c6c                __divdf3
 .text          0x0000000000000e3c      0x110 /Users/mannylemos/Documents/MATLAB/SupportPackages/R2020a/3P.instrset/gnuarm-armcortex.instrset/maci64/gcc-arm-none-eabi-7-2017-q4-major/bin/../lib/gcc/arm-none-eabi/7.2.1/thumb/v7e-m/fpv4-sp/hard/libgcc.a(_arm_cmpdf2.o)
                0x0000000000000e3c                __gedf2
                0x0000000000000e3c                __gtdf2
                0x0000000000000e44                __ledf2
                0x0000000000000e44                __ltdf2
                0x0000000000000e4c                __cmpdf2
                0x0000000000000e4c                __eqdf2
                0x0000000000000e4c                __nedf2
                0x0000000000000ec8                __aeabi_cdrcmple
                0x0000000000000ed8                __aeabi_cdcmple
                0x0000000000000ed8                __aeabi_cdcmpeq
                0x0000000000000ee8                __aeabi_dcmpeq
                0x0000000000000efc                __aeabi_dcmplt
                0x0000000000000f10                __aeabi_dcmple
                0x0000000000000f24                __aeabi_dcmpge
                0x0000000000000f38                __aeabi_dcmpgt
 .text          0x0000000000000f4c       0x2c /Users/mannylemos/Documents/MATLAB/SupportPackages/R2020a/3P.instrset/gnuarm-armcortex.instrset/maci64/gcc-arm-none-eabi-7-2017-q4-major/bin/../lib/gcc/arm-none-eabi/7.2.1/thumb/v7e-m/fpv4-sp/hard/libgcc.a(_arm_unorddf2.o)
                0x0000000000000f4c                __aeabi_dcmpun
                0x0000000000000f4c                __unorddf2
 .text          0x0000000000000f78       0x50 /Users/mannylemos/Documents/MATLAB/SupportPackages/R2020a/3P.instrset/gnuarm-armcortex.instrset/maci64/gcc-arm-none-eabi-7-2017-q4-major/bin/../lib/gcc/arm-none-eabi/7.2.1/thumb/v7e-m/fpv4-sp/hard/libgcc.a(_arm_fixdfsi.o)
                0x0000000000000f78                __fixdfsi
                0x0000000000000f78                __aeabi_d2iz
 .text          0x0000000000000fc8       0x40 /Users/mannylemos/Documents/MATLAB/SupportPackages/R2020a/3P.instrset/gnuarm-armcortex.instrset/maci64/gcc-arm-none-eabi-7-2017-q4-major/bin/../lib/gcc/arm-none-eabi/7.2.1/thumb/v7e-m/fpv4-sp/hard/libgcc.a(_arm_fixunsdfsi.o)
                0x0000000000000fc8                __fixunsdfsi
                0x0000000000000fc8                __aeabi_d2uiz
 .text          0x0000000000001008       0xa0 /Users/mannylemos/Documents/MATLAB/SupportPackages/R2020a/3P.instrset/gnuarm-armcortex.instrset/maci64/gcc-arm-none-eabi-7-2017-q4-major/bin/../lib/gcc/arm-none-eabi/7.2.1/thumb/v7e-m/fpv4-sp/hard/libgcc.a(_arm_truncdfsf2.o)
                0x0000000000001008                __aeabi_d2f
                0x0000000000001008                __truncdfsf2
 .text          0x00000000000010a8       0x30 /Users/mannylemos/Documents/MATLAB/SupportPackages/R2020a/3P.instrset/gnuarm-armcortex.instrset/maci64/gcc-arm-none-eabi-7-2017-q4-major/bin/../lib/gcc/arm-none-eabi/7.2.1/thumb/v7e-m/fpv4-sp/hard/libgcc.a(_aeabi_uldivmod.o)
                0x00000000000010a8                __aeabi_uldivmod
 .text          0x00000000000010d8      0x2cc /Users/mannylemos/Documents/MATLAB/SupportPackages/R2020a/3P.instrset/gnuarm-armcortex.instrset/maci64/gcc-arm-none-eabi-7-2017-q4-major/bin/../lib/gcc/arm-none-eabi/7.2.1/thumb/v7e-m/fpv4-sp/hard/libgcc.a(_udivmoddi4.o)
                0x00000000000010d8                __udivmoddi4
 .text          0x00000000000013a4      0x9ec /Users/mannylemos/Documents/MATLAB/SupportPackages/R2020a/3P.instrset/gnuarm-armcortex.instrset/maci64/gcc-arm-none-eabi-7-2017-q4-major/bin/../lib/gcc/arm-none-eabi/7.2.1/thumb/v7e-m/fpv4-sp/hard/libgcc.a(unwind-arm.o)
                0x0000000000001658                _Unwind_GetCFA
                0x000000000000165c                __gnu_Unwind_RaiseException
                0x00000000000016bc                __gnu_Unwind_ForcedUnwind
                0x00000000000016d0                __gnu_Unwind_Resume
                0x0000000000001714                __gnu_Unwind_Resume_or_Rethrow
                0x0000000000001724                _Unwind_Complete
                0x0000000000001728                _Unwind_DeleteException
                0x0000000000001734                _Unwind_VRS_Get
                0x0000000000001778                _Unwind_VRS_Set
                0x00000000000017c0                __gnu_Unwind_Backtrace
                0x0000000000001b04                __aeabi_unwind_cpp_pr0
                0x0000000000001b08                __aeabi_unwind_cpp_pr1
                0x0000000000001b0c                __aeabi_unwind_cpp_pr2
                0x0000000000001b10                _Unwind_VRS_Pop
 .text          0x0000000000001d90      0x1ac /Users/mannylemos/Documents/MATLAB/SupportPackages/R2020a/3P.instrset/gnuarm-armcortex.instrset/maci64/gcc-arm-none-eabi-7-2017-q4-major/bin/../lib/gcc/arm-none-eabi/7.2.1/thumb/v7e-m/fpv4-sp/hard/libgcc.a(libunwind.o)
                0x0000000000001d90                __restore_core_regs
                0x0000000000001d90                restore_core_regs
                0x0000000000001da8                __gnu_Unwind_Restore_VFP
                0x0000000000001db0                __gnu_Unwind_Save_VFP
                0x0000000000001db8                __gnu_Unwind_Restore_VFP_D
                0x0000000000001dc0                __gnu_Unwind_Save_VFP_D
                0x0000000000001dc8                __gnu_Unwind_Restore_VFP_D_16_to_31
                0x0000000000001dd0                __gnu_Unwind_Save_VFP_D_16_to_31
                0x0000000000001dd8                __gnu_Unwind_Restore_WMMXD
                0x0000000000001e1c                __gnu_Unwind_Save_WMMXD
                0x0000000000001e60                __gnu_Unwind_Restore_WMMXC
                0x0000000000001e74                __gnu_Unwind_Save_WMMXC
                0x0000000000001e88                _Unwind_RaiseException
                0x0000000000001e88                ___Unwind_RaiseException
                0x0000000000001eac                ___Unwind_Resume
                0x0000000000001eac                _Unwind_Resume
                0x0000000000001ed0                ___Unwind_Resume_or_Rethrow
                0x0000000000001ed0                _Unwind_Resume_or_Rethrow
                0x0000000000001ef4                _Unwind_ForcedUnwind
                0x0000000000001ef4                ___Unwind_ForcedUnwind
                0x0000000000001f18                _Unwind_Backtrace
                0x0000000000001f18                ___Unwind_Backtrace
 .text          0x0000000000001f3c      0x374 /Users/mannylemos/Documents/MATLAB/SupportPackages/R2020a/3P.instrset/gnuarm-armcortex.instrset/maci64/gcc-arm-none-eabi-7-2017-q4-major/bin/../lib/gcc/arm-none-eabi/7.2.1/thumb/v7e-m/fpv4-sp/hard/libgcc.a(pr-support.o)
                0x0000000000001f94                __gnu_unwind_execute
                0x0000000000002258                __gnu_unwind_frame
                0x0000000000002280                _Unwind_GetRegionStart
                0x000000000000228c                _Unwind_GetLanguageSpecificData
                0x00000000000022a0                _Unwind_GetDataRelBase
                0x00000000000022a8                _Unwind_GetTextRelBase
 .text          0x00000000000022b0        0x4 /Users/mannylemos/Documents/MATLAB/SupportPackages/R2020a/3P.instrset/gnuarm-armcortex.instrset/maci64/gcc-arm-none-eabi-7-2017-q4-major/bin/../lib/gcc/arm-none-eabi/7.2.1/thumb/v7e-m/fpv4-sp/hard/libgcc.a(_dvmd_tls.o)
                0x00000000000022b0                __aeabi_ldiv0
                0x00000000000022b0                __aeabi_idiv0
 .text          0x00000000000022b4      0x134 /Users/mannylemos/Documents/MATLAB/SupportPackages/R2020a/3P.instrset/gnuarm-armcortex.instrset/maci64/gcc-arm-none-eabi-7-2017-q4-major/bin/../lib/gcc/arm-none-eabi/7.2.1/../../../../arm-none-eabi/lib/thumb/v7e-m/fpv4-sp/hard/libg.a(lib_a-memcpy.o)
                0x00000000000022b4                memcpy
 *fill*         0x00000000000023e8        0x8 
 .text          0x00000000000023f0       0xa0 /Users/mannylemos/Documents/MATLAB/SupportPackages/R2020a/3P.instrset/gnuarm-armcortex.instrset/maci64/gcc-arm-none-eabi-7-2017-q4-major/bin/../lib/gcc/arm-none-eabi/7.2.1/../../../../arm-none-eabi/lib/thumb/v7e-m/fpv4-sp/hard/libg.a(lib_a-memchr.o)
                0x00000000000023f0                memchr
 *fill*         0x0000000000002490       0x30 
 .text          0x00000000000024c0       0xdc /Users/mannylemos/Documents/MATLAB/SupportPackages/R2020a/3P.instrset/gnuarm-armcortex.instrset/maci64/gcc-arm-none-eabi-7-2017-q4-major/bin/../lib/gcc/arm-none-eabi/7.2.1/../../../../arm-none-eabi/lib/thumb/v7e-m/fpv4-sp/hard/libg.a(lib_a-strlen.o)
                0x00000000000024c0                strlen
 *(.text*)
 .text.A2_V4_CHARGING_n
                0x000000000000259c      0x1d0 A2_V4.o
 .text.A2_V4_DISCHARGING_h
                0x000000000000276c       0xc4 A2_V4.o
 .text.A2_V4_PROXY
                0x0000000000002830       0xd8 A2_V4.o
 .text.A2_V4_CHARGING_nqq
                0x0000000000002908      0x1d0 A2_V4.o
 .text.A2_V4_DISCHARGING_hdv
                0x0000000000002ad8       0xc4 A2_V4.o
 .text.A2_V4_PROXY_a
                0x0000000000002b9c       0xd8 A2_V4.o
 .text.A2_V4_CHARGING
                0x0000000000002c74      0x178 A2_V4.o
 .text.A2_V4_DISCHARGING
                0x0000000000002dec       0xc4 A2_V4.o
 .text.A2_V4_CHARGING_nq
                0x0000000000002eb0      0x178 A2_V4.o
 .text.A2_V4_DISCHARGING_hd
                0x0000000000003028       0xc4 A2_V4.o
 .text.A2_V4_ATR_CHARGING
                0x00000000000030ec       0xfc A2_V4.o
 .text.A2_V4_ATR_DISCHARGING
                0x00000000000031e8       0xc4 A2_V4.o
 .text.A2_V4_VENT_CHARGING
                0x00000000000032ac      0x190 A2_V4.o
 .text.A2_V4_VENT_DISCHARGING
                0x000000000000343c       0xc4 A2_V4.o
 .text.A2_V4_ATR_CHARGING1
                0x0000000000003500       0xfc A2_V4.o
 .text.A2_V4_ATR_DISCHARGING1
                0x00000000000035fc       0xc4 A2_V4.o
 .text.A2_V4_VENT_CHARGING1
                0x00000000000036c0      0x190 A2_V4.o
 .text.A2_V4_Start
                0x0000000000003850      0x158 A2_V4.o
 .text.A2_V4_SystemCore_release_nlgjqe
                0x00000000000039a8       0x2a A2_V4.o
 .text.A2_V4_SystemCore_delete_nlgjqe
                0x00000000000039d2       0x16 A2_V4.o
 .text.matlabCodegenHandle_matl_nlgjqe
                0x00000000000039e8       0x24 A2_V4.o
 .text.A2_V4_SystemCore_release_nlgj
                0x0000000000003a0c       0x34 A2_V4.o
 .text.A2_V4_SystemCore_delete_nlgj
                0x0000000000003a40       0x16 A2_V4.o
 .text.matlabCodegenHandle_matlab_nlgj
                0x0000000000003a56       0x24 A2_V4.o
 .text.A2_V4_SystemCore_release_nl
                0x0000000000003a7a       0x2a A2_V4.o
 .text.A2_V4_SystemCore_delete_nl
                0x0000000000003aa4       0x16 A2_V4.o
 .text.matlabCodegenHandle_matlabCo_nl
                0x0000000000003aba       0x24 A2_V4.o
 .text.A2_V4_SystemCore_release_n
                0x0000000000003ade       0x2a A2_V4.o
 .text.A2_V4_SystemCore_delete_n
                0x0000000000003b08       0x16 A2_V4.o
 .text.matlabCodegenHandle_matlabCod_n
                0x0000000000003b1e       0x24 A2_V4.o
 .text.A_SystemCore_rele_j
                0x0000000000003b42       0x2a A2_V4.o
 .text.A_SystemCore_dele_j
                0x0000000000003b6c       0x16 A2_V4.o
 .text.A2_V4_matlabCodegenHa_j
                0x0000000000003b82       0x24 A2_V4.o
 .text.A_SystemCore_rele_i
                0x0000000000003ba6       0x22 A2_V4.o
 .text.A_SystemCore_dele_i
                0x0000000000003bc8       0x16 A2_V4.o
 .text.A2_V4_matlabCodegenHa_i
                0x0000000000003bde       0x24 A2_V4.o
 .text.A_SystemCore_rele_p
                0x0000000000003c02       0x40 A2_V4.o
 .text.A_SystemCore_dele_p
                0x0000000000003c42       0x16 A2_V4.o
 .text.A2_V4_matlabCodegenHa_p
                0x0000000000003c58       0x24 A2_V4.o
 .text.A2_SystemCore_release_nlgjqeurq
                0x0000000000003c7c       0x2a A2_V4.o
 .text.A2__SystemCore_delete_nlgjqeurq
                0x0000000000003ca6       0x16 A2_V4.o
 .text.matlabCodegenHandle_m_nlgjqeurq
                0x0000000000003cbc       0x24 A2_V4.o
 .text.A2_V_SystemCore_release_nlgjqeu
                0x0000000000003ce0       0x34 A2_V4.o
 .text.A2_V4_SystemCore_delete_nlgjqeu
                0x0000000000003d14       0x16 A2_V4.o
 .text.matlabCodegenHandle_mat_nlgjqeu
                0x0000000000003d2a       0x24 A2_V4.o
 *fill*         0x0000000000003d4e        0x2 
 .text.A2_V4_SystemCore_setup_nlg
                0x0000000000003d50      0x1a4 A2_V4.o
 .text.A2_V4_SystemCore_setup_nl
                0x0000000000003ef4       0x40 A2_V4.o
 .text.A2_V4_SystemCore_setup_n
                0x0000000000003f34       0x88 A2_V4.o
 *fill*         0x0000000000003fbc        0x4 
 .text.A2_V4_step
                0x0000000000003fc0     0x29a8 A2_V4.o
                0x0000000000003fc0                A2_V4_step
 .text.A2_V4_initialize
                0x0000000000006968      0xab4 A2_V4.o
                0x0000000000006968                A2_V4_initialize
 .text.A2_V4_terminate
                0x000000000000741c       0xe0 A2_V4.o
                0x000000000000741c                A2_V4_terminate
 .text.A2_V4_SystemCore_setup
                0x00000000000074fc       0x64 DCM_SEND.o
 .text.A2_V4_SystemCore_release
                0x0000000000007560       0x2a DCM_SEND.o
 .text.A2_V4_SystemCore_delete
                0x000000000000758a       0x16 DCM_SEND.o
 .text.matlabCodegenHandle_matlabCodeg
                0x00000000000075a0       0x24 DCM_SEND.o
 .text.DCM_SEND_Init
                0x00000000000075c4       0x30 DCM_SEND.o
                0x00000000000075c4                DCM_SEND_Init
 .text.DCM_SEND
                0x00000000000075f4      0x564 DCM_SEND.o
                0x00000000000075f4                DCM_SEND
 .text.DCM_SEND_Term
                0x0000000000007b58       0x14 DCM_SEND.o
                0x0000000000007b58                DCM_SEND_Term
 .text.MW_AnalogInSingle_Open
                0x0000000000007b6c       0xa8 MW_AnalogInput.o
                0x0000000000007b6c                MW_AnalogInSingle_Open
 .text.MW_AnalogIn_SetTriggerSource
                0x0000000000007c14       0x1a MW_AnalogInput.o
                0x0000000000007c14                MW_AnalogIn_SetTriggerSource
 *fill*         0x0000000000007c2e        0x2 
 .text.MW_AnalogInSingle_ReadResult
                0x0000000000007c30       0xb8 MW_AnalogInput.o
                0x0000000000007c30                MW_AnalogInSingle_ReadResult
 .text.MW_AnalogIn_Start
                0x0000000000007ce8       0x14 MW_AnalogInput.o
                0x0000000000007ce8                MW_AnalogIn_Start
 .text.MW_AnalogIn_Stop
                0x0000000000007cfc       0x14 MW_AnalogInput.o
                0x0000000000007cfc                MW_AnalogIn_Stop
 .text.MW_AnalogIn_Close
                0x0000000000007d10       0x14 MW_AnalogInput.o
                0x0000000000007d10                MW_AnalogIn_Close
 .text.MW_I2C_Open
                0x0000000000007d24       0x48 MW_I2C.o
                0x0000000000007d24                MW_I2C_Open
 .text.MW_I2C_SetBusSpeed
                0x0000000000007d6c       0x2e MW_I2C.o
                0x0000000000007d6c                MW_I2C_SetBusSpeed
 .text.MW_I2C_MasterRead
                0x0000000000007d9a       0x68 MW_I2C.o
                0x0000000000007d9a                MW_I2C_MasterRead
 .text.MW_I2C_MasterWrite
                0x0000000000007e02       0x68 MW_I2C.o
                0x0000000000007e02                MW_I2C_MasterWrite
 .text.MW_I2C_Close
                0x0000000000007e6a       0x14 MW_I2C.o
                0x0000000000007e6a                MW_I2C_Close
 *fill*         0x0000000000007e7e        0x2 
 .text.PORT_HAL_SetMuxMode
                0x0000000000007e80       0x58 MW_PWM.o
 .text.FTM_HAL_SetClockSource
                0x0000000000007ed8       0x2e MW_PWM.o
 *fill*         0x0000000000007f06        0x2 
 .text.MW_PWM_Open
                0x0000000000007f08      0x164 MW_PWM.o
                0x0000000000007f08                MW_PWM_Open
 .text.MW_PWM_Start
                0x000000000000806c       0x14 MW_PWM.o
                0x000000000000806c                MW_PWM_Start
 .text.MW_PWM_SetDutyCycle
                0x0000000000008080       0x7c MW_PWM.o
                0x0000000000008080                MW_PWM_SetDutyCycle
 .text.MW_PWM_Stop
                0x00000000000080fc       0x2c MW_PWM.o
                0x00000000000080fc                MW_PWM_Stop
 .text.MW_PWM_Close
                0x0000000000008128       0x14 MW_PWM.o
                0x0000000000008128                MW_PWM_Close
 .text.EDMA_HAL_HTCDSetDestAddr
                0x000000000000813c       0x48 MW_SCI.o
 .text.EDMA_HAL_HTCDSetIntCmd
                0x0000000000008184       0x54 MW_SCI.o
 .text.MW_SCI_Open
                0x00000000000081d8      0x5ac MW_SCI.o
                0x00000000000081d8                MW_SCI_Open
 .text.MW_SCI_SetBaudrate
                0x0000000000008784       0x18 MW_SCI.o
                0x0000000000008784                MW_SCI_SetBaudrate
 .text.MW_SCI_SetFrameFormat
                0x000000000000879c       0x28 MW_SCI.o
                0x000000000000879c                MW_SCI_SetFrameFormat
 .text.MW_SCI_Receive
                0x00000000000087c4       0xa4 MW_SCI.o
                0x00000000000087c4                MW_SCI_Receive
 .text.MW_SCI_Transmit
                0x0000000000008868       0x80 MW_SCI.o
                0x0000000000008868                MW_SCI_Transmit
 .text.MW_SCI_Close
                0x00000000000088e8       0x14 MW_SCI.o
                0x00000000000088e8                MW_SCI_Close
 .text.MW_UART_DRV_EdmaStartReceiveData
                0x00000000000088fc       0xac MW_SCI.o
 .text.MW_UART_DRV_EdmaRxCallback
                0x00000000000089a8       0x1c MW_SCI.o
 .text.MW_UART_DRV_EdmaCompleteReceiveData
                0x00000000000089c4      0x124 MW_SCI.o
 .text.MW_digitalIO_open
                0x0000000000008ae8       0xe0 MW_digitalIO.o
                0x0000000000008ae8                MW_digitalIO_open
 .text.MW_digitalIO_read
                0x0000000000008bc8       0x70 MW_digitalIO.o
                0x0000000000008bc8                MW_digitalIO_read
 .text.MW_digitalIO_write
                0x0000000000008c38       0x7e MW_digitalIO.o
                0x0000000000008c38                MW_digitalIO_write
 .text.MW_digitalIO_close
                0x0000000000008cb6       0x3c MW_digitalIO.o
                0x0000000000008cb6                MW_digitalIO_close
 .text.os_idle_demon
                0x0000000000008cf2        0x6 RTX_Conf_CM.o
                0x0000000000008cf2                os_idle_demon
 .text.os_error
                0x0000000000008cf8       0x2c RTX_Conf_CM.o
                0x0000000000008cf8                os_error
 .text.rt_init_robin
                0x0000000000008d24        0x2 RTX_Conf_CM.o
                0x0000000000008d24                rt_init_robin
 .text.rt_chk_robin
                0x0000000000008d26        0x2 RTX_Conf_CM.o
                0x0000000000008d26                rt_chk_robin
 .text.software_init_hook
                0x0000000000008d28       0x34 RTX_Conf_CM.o
                0x0000000000008d28                software_init_hook
 .text.PORT_HAL_SetMuxMode
                0x0000000000008d5c       0x58 board.o
 .text.SMC_HAL_SetProtection
                0x0000000000008db4       0x1e board.o
 *fill*         0x0000000000008dd2        0x2 
 .text.BOARD_InitOsc0
                0x0000000000008dd4       0x30 board.o
                0x0000000000008dd4                BOARD_InitOsc0
 .text.BOARD_InitRtcOsc
                0x0000000000008e04       0x28 board.o
                0x0000000000008e04                BOARD_InitRtcOsc
 .text.BOARD_ClockInit
                0x0000000000008e2c       0x34 board.o
                0x0000000000008e2c                BOARD_ClockInit
 .text.schedulerTask
                0x0000000000008e60       0x1c cmsis_rtos_init.o
                0x0000000000008e60                schedulerTask
 .text.mw_initSignalEvents
                0x0000000000008e7c       0x40 cmsis_rtos_init.o
                0x0000000000008e7c                mw_initSignalEvents
 .text.mw_RTOSInit
                0x0000000000008ebc       0x8c cmsis_rtos_init.o
                0x0000000000008ebc                mw_RTOSInit
 .text.baseRateTask
                0x0000000000008f48       0x7c ert_main.o
                0x0000000000008f48                baseRateTask
 .text.terminateTask
                0x0000000000008fc4       0x34 ert_main.o
                0x0000000000008fc4                terminateTask
 .text.main     0x0000000000008ff8       0x48 ert_main.o
                0x0000000000008ff8                main
 .text.DMA0_IRQHandler
                0x0000000000009040        0xe fsl_edma_irq.o
                0x0000000000009040                DMA0_IRQHandler
 .text.DMA1_IRQHandler
                0x000000000000904e        0xe fsl_edma_irq.o
                0x000000000000904e                DMA1_IRQHandler
 .text.DMA2_IRQHandler
                0x000000000000905c        0xe fsl_edma_irq.o
                0x000000000000905c                DMA2_IRQHandler
 .text.DMA3_IRQHandler
                0x000000000000906a        0xe fsl_edma_irq.o
                0x000000000000906a                DMA3_IRQHandler
 .text.DMA4_IRQHandler
                0x0000000000009078        0xe fsl_edma_irq.o
                0x0000000000009078                DMA4_IRQHandler
 .text.DMA5_IRQHandler
                0x0000000000009086        0xe fsl_edma_irq.o
                0x0000000000009086                DMA5_IRQHandler
 .text.DMA6_IRQHandler
                0x0000000000009094        0xe fsl_edma_irq.o
                0x0000000000009094                DMA6_IRQHandler
 .text.DMA7_IRQHandler
                0x00000000000090a2        0xe fsl_edma_irq.o
                0x00000000000090a2                DMA7_IRQHandler
 .text.DMA8_IRQHandler
                0x00000000000090b0        0xe fsl_edma_irq.o
                0x00000000000090b0                DMA8_IRQHandler
 .text.DMA9_IRQHandler
                0x00000000000090be        0xe fsl_edma_irq.o
                0x00000000000090be                DMA9_IRQHandler
 .text.DMA10_IRQHandler
                0x00000000000090cc        0xe fsl_edma_irq.o
                0x00000000000090cc                DMA10_IRQHandler
 .text.DMA11_IRQHandler
                0x00000000000090da        0xe fsl_edma_irq.o
                0x00000000000090da                DMA11_IRQHandler
 .text.DMA12_IRQHandler
                0x00000000000090e8        0xe fsl_edma_irq.o
                0x00000000000090e8                DMA12_IRQHandler
 .text.DMA13_IRQHandler
                0x00000000000090f6        0xe fsl_edma_irq.o
                0x00000000000090f6                DMA13_IRQHandler
 .text.DMA14_IRQHandler
                0x0000000000009104        0xe fsl_edma_irq.o
                0x0000000000009104                DMA14_IRQHandler
 .text.DMA15_IRQHandler
                0x0000000000009112        0xe fsl_edma_irq.o
                0x0000000000009112                DMA15_IRQHandler
 .text.DMA_Error_IRQHandler
                0x0000000000009120        0xe fsl_edma_irq.o
                0x0000000000009120                DMA_Error_IRQHandler
 .text.UART0_RX_TX_IRQHandler
                0x000000000000912e        0xe fsl_uart_irq.o
                0x000000000000912e                UART0_RX_TX_IRQHandler
 .text.UART1_RX_TX_IRQHandler
                0x000000000000913c        0xe fsl_uart_irq.o
                0x000000000000913c                UART1_RX_TX_IRQHandler
 .text.UART2_RX_TX_IRQHandler
                0x000000000000914a        0xe fsl_uart_irq.o
                0x000000000000914a                UART2_RX_TX_IRQHandler
 .text.UART3_RX_TX_IRQHandler
                0x0000000000009158        0xe fsl_uart_irq.o
                0x0000000000009158                UART3_RX_TX_IRQHandler
 .text.UART4_RX_TX_IRQHandler
                0x0000000000009166        0xe fsl_uart_irq.o
                0x0000000000009166                UART4_RX_TX_IRQHandler
 .text.UART5_RX_TX_IRQHandler
                0x0000000000009174        0xe fsl_uart_irq.o
                0x0000000000009174                UART5_RX_TX_IRQHandler
 .text.hardware_init
                0x0000000000009182       0x30 hardware_init.o
                0x0000000000009182                hardware_init
 .text.CLOCK_SYS_GetI2cFreq
                0x00000000000091b2       0x16 i2c_api.o
 .text.I2C_HAL_Enable
                0x00000000000091c8       0x24 i2c_api.o
 .text.I2C_HAL_SendAck
                0x00000000000091ec       0x24 i2c_api.o
 .text.I2C_HAL_SendNak
                0x0000000000009210       0x24 i2c_api.o
 .text.I2C_HAL_SetDirMode
                0x0000000000009234       0x2a i2c_api.o
 .text.I2C_HAL_ReadByte
                0x000000000000925e       0x1a i2c_api.o
 .text.I2C_HAL_WriteByte
                0x0000000000009278       0x1e i2c_api.o
 .text.I2C_HAL_GetStatusFlag
                0x0000000000009296       0x34 i2c_api.o
 .text.I2C_HAL_IsMaster
                0x00000000000092ca       0x2e i2c_api.o
 .text.I2C_HAL_SetIntCmd
                0x00000000000092f8       0x28 i2c_api.o
 .text.I2C_HAL_ClearInt
                0x0000000000009320       0x1a i2c_api.o
 *fill*         0x000000000000933a        0x2 
 .text.PORT_HAL_SetOpenDrainCmd
                0x000000000000933c       0x4c i2c_api.o
 .text.PORT_HAL_SetMuxMode
                0x0000000000009388       0x58 i2c_api.o
 .text.i2c_init
                0x00000000000093e0       0x54 i2c_api.o
                0x00000000000093e0                i2c_init
 .text.i2c_start
                0x0000000000009434       0x28 i2c_api.o
                0x0000000000009434                i2c_start
 .text.i2c_stop
                0x000000000000945c       0x4c i2c_api.o
                0x000000000000945c                i2c_stop
 .text.timeout_status_poll
                0x00000000000094a8       0x58 i2c_api.o
 .text.i2c_wait_end_tx_transfer
                0x0000000000009500       0x54 i2c_api.o
 .text.i2c_wait_end_rx_transfer
                0x0000000000009554       0x3c i2c_api.o
 .text.i2c_do_write
                0x0000000000009590       0x38 i2c_api.o
 .text.i2c_do_read
                0x00000000000095c8       0x50 i2c_api.o
 .text.i2c_frequency
                0x0000000000009618       0x50 i2c_api.o
                0x0000000000009618                i2c_frequency
 .text.i2c_read
                0x0000000000009668       0xe0 i2c_api.o
                0x0000000000009668                i2c_read
 .text.i2c_write
                0x0000000000009748       0x90 i2c_api.o
                0x0000000000009748                i2c_write
 .text.configure_i2c_pins
                0x00000000000097d8       0x78 i2c_api.o
                0x00000000000097d8                configure_i2c_pins
 .text.NMI_Handler
                0x0000000000009850        0x6 irq_stub.o
                0x0000000000009850                NMI_Handler
 .text.HardFault_Handler
                0x0000000000009856        0x6 irq_stub.o
                0x0000000000009856                HardFault_Handler
 .text.MemManage_Handler
                0x000000000000985c        0x6 irq_stub.o
                0x000000000000985c                MemManage_Handler
 .text.BusFault_Handler
                0x0000000000009862        0x6 irq_stub.o
                0x0000000000009862                BusFault_Handler
 .text.UsageFault_Handler
                0x0000000000009868        0x6 irq_stub.o
                0x0000000000009868                UsageFault_Handler
 .text.DebugMon_Handler
                0x000000000000986e        0x6 irq_stub.o
                0x000000000000986e                DebugMon_Handler
 .text.MCM_IRQHandler
                0x0000000000009874        0x6 irq_stub.o
                0x0000000000009874                MCM_IRQHandler
 .text.FTFE_IRQHandler
                0x000000000000987a        0x6 irq_stub.o
                0x000000000000987a                FTFE_IRQHandler
 .text.Read_Collision_IRQHandler
                0x0000000000009880        0x6 irq_stub.o
                0x0000000000009880                Read_Collision_IRQHandler
 .text.LVD_LVW_IRQHandler
                0x0000000000009886        0x6 irq_stub.o
                0x0000000000009886                LVD_LVW_IRQHandler
 .text.LLWU_IRQHandler
                0x000000000000988c        0x6 irq_stub.o
                0x000000000000988c                LLWU_IRQHandler
 .text.WDOG_EWM_IRQHandler
                0x0000000000009892        0x6 irq_stub.o
                0x0000000000009892                WDOG_EWM_IRQHandler
 .text.RNG_IRQHandler
                0x0000000000009898        0x6 irq_stub.o
                0x0000000000009898                RNG_IRQHandler
 .text.I2C0_IRQHandler
                0x000000000000989e        0x6 irq_stub.o
                0x000000000000989e                I2C0_IRQHandler
 .text.I2C1_IRQHandler
                0x00000000000098a4        0x6 irq_stub.o
                0x00000000000098a4                I2C1_IRQHandler
 .text.SPI0_IRQHandler
                0x00000000000098aa        0x6 irq_stub.o
                0x00000000000098aa                SPI0_IRQHandler
 .text.SPI1_IRQHandler
                0x00000000000098b0        0x6 irq_stub.o
                0x00000000000098b0                SPI1_IRQHandler
 .text.I2S0_Tx_IRQHandler
                0x00000000000098b6        0x6 irq_stub.o
                0x00000000000098b6                I2S0_Tx_IRQHandler
 .text.I2S0_Rx_IRQHandler
                0x00000000000098bc        0x6 irq_stub.o
                0x00000000000098bc                I2S0_Rx_IRQHandler
 .text.UART0_LON_IRQHandler
                0x00000000000098c2        0x6 irq_stub.o
                0x00000000000098c2                UART0_LON_IRQHandler
 .text.UART0_ERR_IRQHandler
                0x00000000000098c8        0x6 irq_stub.o
                0x00000000000098c8                UART0_ERR_IRQHandler
 .text.UART1_ERR_IRQHandler
                0x00000000000098ce        0x6 irq_stub.o
                0x00000000000098ce                UART1_ERR_IRQHandler
 .text.UART2_ERR_IRQHandler
                0x00000000000098d4        0x6 irq_stub.o
                0x00000000000098d4                UART2_ERR_IRQHandler
 .text.UART3_ERR_IRQHandler
                0x00000000000098da        0x6 irq_stub.o
                0x00000000000098da                UART3_ERR_IRQHandler
 .text.ADC0_IRQHandler
                0x00000000000098e0        0x6 irq_stub.o
                0x00000000000098e0                ADC0_IRQHandler
 .text.CMP0_IRQHandler
                0x00000000000098e6        0x6 irq_stub.o
                0x00000000000098e6                CMP0_IRQHandler
 .text.CMP1_IRQHandler
                0x00000000000098ec        0x6 irq_stub.o
                0x00000000000098ec                CMP1_IRQHandler
 .text.FTM0_IRQHandler
                0x00000000000098f2        0x6 irq_stub.o
                0x00000000000098f2                FTM0_IRQHandler
 .text.FTM1_IRQHandler
                0x00000000000098f8        0x6 irq_stub.o
                0x00000000000098f8                FTM1_IRQHandler
 .text.FTM2_IRQHandler
                0x00000000000098fe        0x6 irq_stub.o
                0x00000000000098fe                FTM2_IRQHandler
 .text.CMT_IRQHandler
                0x0000000000009904        0x6 irq_stub.o
                0x0000000000009904                CMT_IRQHandler
 .text.RTC_IRQHandler
                0x000000000000990a        0x6 irq_stub.o
                0x000000000000990a                RTC_IRQHandler
 .text.RTC_Seconds_IRQHandler
                0x0000000000009910        0x6 irq_stub.o
                0x0000000000009910                RTC_Seconds_IRQHandler
 .text.PDB0_IRQHandler
                0x0000000000009916        0x6 irq_stub.o
                0x0000000000009916                PDB0_IRQHandler
 .text.USB0_IRQHandler
                0x000000000000991c        0x6 irq_stub.o
                0x000000000000991c                USB0_IRQHandler
 .text.USBDCD_IRQHandler
                0x0000000000009922        0x6 irq_stub.o
                0x0000000000009922                USBDCD_IRQHandler
 .text.Reserved71_IRQHandler
                0x0000000000009928        0x6 irq_stub.o
                0x0000000000009928                Reserved71_IRQHandler
 .text.DAC0_IRQHandler
                0x000000000000992e        0x6 irq_stub.o
                0x000000000000992e                DAC0_IRQHandler
 .text.MCG_IRQHandler
                0x0000000000009934        0x6 irq_stub.o
                0x0000000000009934                MCG_IRQHandler
 .text.LPTMR0_IRQHandler
                0x000000000000993a        0x6 irq_stub.o
                0x000000000000993a                LPTMR0_IRQHandler
 .text.PORTA_IRQHandler
                0x0000000000009940        0x6 irq_stub.o
                0x0000000000009940                PORTA_IRQHandler
 .text.PORTB_IRQHandler
                0x0000000000009946        0x6 irq_stub.o
                0x0000000000009946                PORTB_IRQHandler
 .text.PORTC_IRQHandler
                0x000000000000994c        0x6 irq_stub.o
                0x000000000000994c                PORTC_IRQHandler
 .text.PORTD_IRQHandler
                0x0000000000009952        0x6 irq_stub.o
                0x0000000000009952                PORTD_IRQHandler
 .text.PORTE_IRQHandler
                0x0000000000009958        0x6 irq_stub.o
                0x0000000000009958                PORTE_IRQHandler
 .text.SWI_IRQHandler
                0x000000000000995e        0x6 irq_stub.o
                0x000000000000995e                SWI_IRQHandler
 .text.SPI2_IRQHandler
                0x0000000000009964        0x6 irq_stub.o
                0x0000000000009964                SPI2_IRQHandler
 .text.UART4_ERR_IRQHandler
                0x000000000000996a        0x6 irq_stub.o
                0x000000000000996a                UART4_ERR_IRQHandler
 .text.UART5_ERR_IRQHandler
                0x0000000000009970        0x6 irq_stub.o
                0x0000000000009970                UART5_ERR_IRQHandler
 .text.CMP2_IRQHandler
                0x0000000000009976        0x6 irq_stub.o
                0x0000000000009976                CMP2_IRQHandler
 .text.FTM3_IRQHandler
                0x000000000000997c        0x6 irq_stub.o
                0x000000000000997c                FTM3_IRQHandler
 .text.DAC1_IRQHandler
                0x0000000000009982        0x6 irq_stub.o
                0x0000000000009982                DAC1_IRQHandler
 .text.ADC1_IRQHandler
                0x0000000000009988        0x6 irq_stub.o
                0x0000000000009988                ADC1_IRQHandler
 .text.I2C2_IRQHandler
                0x000000000000998e        0x6 irq_stub.o
                0x000000000000998e                I2C2_IRQHandler
 .text.CAN0_ORed_Message_buffer_IRQHandler
                0x0000000000009994        0x6 irq_stub.o
                0x0000000000009994                CAN0_ORed_Message_buffer_IRQHandler
 .text.CAN0_Bus_Off_IRQHandler
                0x000000000000999a        0x6 irq_stub.o
                0x000000000000999a                CAN0_Bus_Off_IRQHandler
 .text.CAN0_Error_IRQHandler
                0x00000000000099a0        0x6 irq_stub.o
                0x00000000000099a0                CAN0_Error_IRQHandler
 .text.CAN0_Tx_Warning_IRQHandler
                0x00000000000099a6        0x6 irq_stub.o
                0x00000000000099a6                CAN0_Tx_Warning_IRQHandler
 .text.CAN0_Rx_Warning_IRQHandler
                0x00000000000099ac        0x6 irq_stub.o
                0x00000000000099ac                CAN0_Rx_Warning_IRQHandler
 .text.CAN0_Wake_Up_IRQHandler
                0x00000000000099b2        0x6 irq_stub.o
                0x00000000000099b2                CAN0_Wake_Up_IRQHandler
 .text.mw_osSignalSet
                0x00000000000099b8       0x2e mw_signal.o
                0x00000000000099b8                mw_osSignalSet
 .text.mw_osSignalClear
                0x00000000000099e6       0x26 mw_signal.o
                0x00000000000099e6                mw_osSignalClear
 .text.mw_osSignalWaitEver
                0x0000000000009a0c       0x20 mw_signal.o
                0x0000000000009a0c                mw_osSignalWaitEver
 .text.mw_osSignalEventCreate
                0x0000000000009a2c       0x20 mw_signal.o
                0x0000000000009a2c                mw_osSignalEventCreate
 .text.mw_osSignalEventRelease
                0x0000000000009a4c       0x26 mw_signal.o
                0x0000000000009a4c                mw_osSignalEventRelease
 .text.mw_osSignalEventWaitEver
                0x0000000000009a72       0x34 mw_signal.o
                0x0000000000009a72                mw_osSignalEventWaitEver
 .text.mw_osThreadCreate
                0x0000000000009aa6       0x52 mw_thread.o
                0x0000000000009aa6                mw_osThreadCreate
 .text.mw_osThreadGetId
                0x0000000000009af8        0xe mw_thread.o
                0x0000000000009af8                mw_osThreadGetId
 .text.mw_osThreadExit
                0x0000000000009b06       0x22 mw_thread.o
                0x0000000000009b06                mw_osThreadExit
 .text.mw_osTimerCreate
                0x0000000000009b28       0x4e mw_timer.o
                0x0000000000009b28                mw_osTimerCreate
 .text.mw_osTimerStart
                0x0000000000009b76       0x24 mw_timer.o
                0x0000000000009b76                mw_osTimerStart
 *fill*         0x0000000000009b9a        0x2 
 .text.PORT_HAL_SetMuxMode
                0x0000000000009b9c       0x58 pin_mux.o
 .text.SIM_HAL_EnableClock
                0x0000000000009bf4       0x40 pin_mux.o
 .text.configure_uart_pins
                0x0000000000009c34      0x194 pin_mux.o
                0x0000000000009c34                configure_uart_pins
 .text._sbrk    0x0000000000009dc8       0x5c sbrk.o
                0x0000000000009dc8                _sbrk
 .text.init_data_bss
                0x0000000000009e24       0xcc startup.o
                0x0000000000009e24                init_data_bss
 .text.SystemInit
                0x0000000000009ef0      0x1dc system_MK64F12.o
                0x0000000000009ef0                SystemInit
 .text.SystemCoreClockUpdate
                0x000000000000a0cc      0x278 system_MK64F12.o
                0x000000000000a0cc                SystemCoreClockUpdate
 .text.rt_InitInfAndNaN
                0x000000000000a344       0x88 /Users/mannylemos/Desktop/MechTron 3K04 /Matlab 3K04/slprj/ert/_sharedutils/rtwshared.lib(rt_nonfinite.o)
                0x000000000000a344                rt_InitInfAndNaN
 .text.rtIsInf  0x000000000000a3cc       0x50 /Users/mannylemos/Desktop/MechTron 3K04 /Matlab 3K04/slprj/ert/_sharedutils/rtwshared.lib(rt_nonfinite.o)
                0x000000000000a3cc                rtIsInf
 .text.rtIsNaN  0x000000000000a41c       0x6c /Users/mannylemos/Desktop/MechTron 3K04 /Matlab 3K04/slprj/ert/_sharedutils/rtwshared.lib(rt_nonfinite.o)
                0x000000000000a41c                rtIsNaN
 .text.rtIsNaNF
                0x000000000000a488       0x38 /Users/mannylemos/Desktop/MechTron 3K04 /Matlab 3K04/slprj/ert/_sharedutils/rtwshared.lib(rt_nonfinite.o)
                0x000000000000a488                rtIsNaNF
 .text.rt_roundd_snf
                0x000000000000a4c0       0xf4 /Users/mannylemos/Desktop/MechTron 3K04 /Matlab 3K04/slprj/ert/_sharedutils/rtwshared.lib(rt_roundd_snf.o)
                0x000000000000a4c0                rt_roundd_snf
 .text.rtGetInf
                0x000000000000a5b4       0x60 /Users/mannylemos/Desktop/MechTron 3K04 /Matlab 3K04/slprj/ert/_sharedutils/rtwshared.lib(rtGetInf.o)
                0x000000000000a5b4                rtGetInf
 .text.rtGetInfF
                0x000000000000a614       0x20 /Users/mannylemos/Desktop/MechTron 3K04 /Matlab 3K04/slprj/ert/_sharedutils/rtwshared.lib(rtGetInf.o)
                0x000000000000a614                rtGetInfF
 .text.rtGetMinusInf
                0x000000000000a634       0x60 /Users/mannylemos/Desktop/MechTron 3K04 /Matlab 3K04/slprj/ert/_sharedutils/rtwshared.lib(rtGetInf.o)
                0x000000000000a634                rtGetMinusInf
 .text.rtGetMinusInfF
                0x000000000000a694       0x24 /Users/mannylemos/Desktop/MechTron 3K04 /Matlab 3K04/slprj/ert/_sharedutils/rtwshared.lib(rtGetInf.o)
                0x000000000000a694                rtGetMinusInfF
 .text.rtGetNaN
                0x000000000000a6b8       0x60 /Users/mannylemos/Desktop/MechTron 3K04 /Matlab 3K04/slprj/ert/_sharedutils/rtwshared.lib(rtGetNaN.o)
                0x000000000000a6b8                rtGetNaN
 .text.rtGetNaNF
                0x000000000000a718       0x28 /Users/mannylemos/Desktop/MechTron 3K04 /Matlab 3K04/slprj/ert/_sharedutils/rtwshared.lib(rtGetNaN.o)
                0x000000000000a718                rtGetNaNF
 .text.osThreadExit
                0x000000000000a740       0x18 /Users/mannylemos/Documents/MATLAB/SupportPackages/R2020a/3P.instrset/cmsis.instrset/CMSIS/RTOS/RTX/LIB/GCC/libRTX_CM4.a(rt_cmsis.o)
                0x000000000000a740                osThreadExit
 .text.svcKernelInitialize
                0x000000000000a758      0x100 /Users/mannylemos/Documents/MATLAB/SupportPackages/R2020a/3P.instrset/cmsis.instrset/CMSIS/RTOS/RTX/LIB/GCC/libRTX_CM4.a(rt_cmsis.o)
                0x000000000000a758                svcKernelInitialize
 .text.svcKernelStart
                0x000000000000a858       0x4c /Users/mannylemos/Documents/MATLAB/SupportPackages/R2020a/3P.instrset/cmsis.instrset/CMSIS/RTOS/RTX/LIB/GCC/libRTX_CM4.a(rt_cmsis.o)
                0x000000000000a858                svcKernelStart
 .text.osKernelInitialize
                0x000000000000a8a4      0x120 /Users/mannylemos/Documents/MATLAB/SupportPackages/R2020a/3P.instrset/cmsis.instrset/CMSIS/RTOS/RTX/LIB/GCC/libRTX_CM4.a(rt_cmsis.o)
                0x000000000000a8a4                osKernelInitialize
 .text.osKernelStart
                0x000000000000a9c4       0x70 /Users/mannylemos/Documents/MATLAB/SupportPackages/R2020a/3P.instrset/cmsis.instrset/CMSIS/RTOS/RTX/LIB/GCC/libRTX_CM4.a(rt_cmsis.o)
                0x000000000000a9c4                osKernelStart
 .text.svcThreadCreate
                0x000000000000aa34       0x7c /Users/mannylemos/Documents/MATLAB/SupportPackages/R2020a/3P.instrset/cmsis.instrset/CMSIS/RTOS/RTX/LIB/GCC/libRTX_CM4.a(rt_cmsis.o)
                0x000000000000aa34                svcThreadCreate
 .text.svcThreadGetId
                0x000000000000aab0       0x18 /Users/mannylemos/Documents/MATLAB/SupportPackages/R2020a/3P.instrset/cmsis.instrset/CMSIS/RTOS/RTX/LIB/GCC/libRTX_CM4.a(rt_cmsis.o)
                0x000000000000aab0                svcThreadGetId
 .text.svcThreadTerminate
                0x000000000000aac8       0x44 /Users/mannylemos/Documents/MATLAB/SupportPackages/R2020a/3P.instrset/cmsis.instrset/CMSIS/RTOS/RTX/LIB/GCC/libRTX_CM4.a(rt_cmsis.o)
                0x000000000000aac8                svcThreadTerminate
 .text.osThreadCreate
                0x000000000000ab0c       0x9c /Users/mannylemos/Documents/MATLAB/SupportPackages/R2020a/3P.instrset/cmsis.instrset/CMSIS/RTOS/RTX/LIB/GCC/libRTX_CM4.a(rt_cmsis.o)
                0x000000000000ab0c                osThreadCreate
 .text.osThreadGetId
                0x000000000000aba8       0x18 /Users/mannylemos/Documents/MATLAB/SupportPackages/R2020a/3P.instrset/cmsis.instrset/CMSIS/RTOS/RTX/LIB/GCC/libRTX_CM4.a(rt_cmsis.o)
                0x000000000000aba8                osThreadGetId
 .text.osThreadTerminate
                0x000000000000abc0       0x18 /Users/mannylemos/Documents/MATLAB/SupportPackages/R2020a/3P.instrset/cmsis.instrset/CMSIS/RTOS/RTX/LIB/GCC/libRTX_CM4.a(rt_cmsis.o)
                0x000000000000abc0                osThreadTerminate
 .text.svcTimerCreate
                0x000000000000abd8       0x3c /Users/mannylemos/Documents/MATLAB/SupportPackages/R2020a/3P.instrset/cmsis.instrset/CMSIS/RTOS/RTX/LIB/GCC/libRTX_CM4.a(rt_cmsis.o)
                0x000000000000abd8                svcTimerCreate
 .text.svcTimerStart
                0x000000000000ac14       0xc8 /Users/mannylemos/Documents/MATLAB/SupportPackages/R2020a/3P.instrset/cmsis.instrset/CMSIS/RTOS/RTX/LIB/GCC/libRTX_CM4.a(rt_cmsis.o)
                0x000000000000ac14                svcTimerStart
 .text.svcTimerCall
                0x000000000000acdc       0x18 /Users/mannylemos/Documents/MATLAB/SupportPackages/R2020a/3P.instrset/cmsis.instrset/CMSIS/RTOS/RTX/LIB/GCC/libRTX_CM4.a(rt_cmsis.o)
                0x000000000000acdc                svcTimerCall
 .text.sysTimerTick
                0x000000000000acf4       0xb4 /Users/mannylemos/Documents/MATLAB/SupportPackages/R2020a/3P.instrset/cmsis.instrset/CMSIS/RTOS/RTX/LIB/GCC/libRTX_CM4.a(rt_cmsis.o)
                0x000000000000acf4                sysTimerTick
 .text.osTimerCreate
                0x000000000000ada8       0x64 /Users/mannylemos/Documents/MATLAB/SupportPackages/R2020a/3P.instrset/cmsis.instrset/CMSIS/RTOS/RTX/LIB/GCC/libRTX_CM4.a(rt_cmsis.o)
                0x000000000000ada8                osTimerCreate
 .text.osTimerStart
                0x000000000000ae0c       0x18 /Users/mannylemos/Documents/MATLAB/SupportPackages/R2020a/3P.instrset/cmsis.instrset/CMSIS/RTOS/RTX/LIB/GCC/libRTX_CM4.a(rt_cmsis.o)
                0x000000000000ae0c                osTimerStart
 .text.osTimerThread
                0x000000000000ae24       0x40 /Users/mannylemos/Documents/MATLAB/SupportPackages/R2020a/3P.instrset/cmsis.instrset/CMSIS/RTOS/RTX/LIB/GCC/libRTX_CM4.a(rt_cmsis.o)
                0x000000000000ae24                osTimerThread
 .text.svcSignalSet
                0x000000000000ae64       0x28 /Users/mannylemos/Documents/MATLAB/SupportPackages/R2020a/3P.instrset/cmsis.instrset/CMSIS/RTOS/RTX/LIB/GCC/libRTX_CM4.a(rt_cmsis.o)
                0x000000000000ae64                svcSignalSet
 .text.svcSignalClear
                0x000000000000ae8c       0x28 /Users/mannylemos/Documents/MATLAB/SupportPackages/R2020a/3P.instrset/cmsis.instrset/CMSIS/RTOS/RTX/LIB/GCC/libRTX_CM4.a(rt_cmsis.o)
                0x000000000000ae8c                svcSignalClear
 .text.svcSignalWait
                0x000000000000aeb4       0xfc /Users/mannylemos/Documents/MATLAB/SupportPackages/R2020a/3P.instrset/cmsis.instrset/CMSIS/RTOS/RTX/LIB/GCC/libRTX_CM4.a(rt_cmsis.o)
                0x000000000000aeb4                svcSignalWait
 .text.osSignalSet
                0x000000000000afb0       0x40 /Users/mannylemos/Documents/MATLAB/SupportPackages/R2020a/3P.instrset/cmsis.instrset/CMSIS/RTOS/RTX/LIB/GCC/libRTX_CM4.a(rt_cmsis.o)
                0x000000000000afb0                osSignalSet
 .text.osSignalClear
                0x000000000000aff0       0x1c /Users/mannylemos/Documents/MATLAB/SupportPackages/R2020a/3P.instrset/cmsis.instrset/CMSIS/RTOS/RTX/LIB/GCC/libRTX_CM4.a(rt_cmsis.o)
                0x000000000000aff0                osSignalClear
 .text.osSignalWait
                0x000000000000b00c       0x28 /Users/mannylemos/Documents/MATLAB/SupportPackages/R2020a/3P.instrset/cmsis.instrset/CMSIS/RTOS/RTX/LIB/GCC/libRTX_CM4.a(rt_cmsis.o)
                0x000000000000b00c                osSignalWait
 .text.svcMessageGet
                0x000000000000b034       0xa8 /Users/mannylemos/Documents/MATLAB/SupportPackages/R2020a/3P.instrset/cmsis.instrset/CMSIS/RTOS/RTX/LIB/GCC/libRTX_CM4.a(rt_cmsis.o)
                0x000000000000b034                svcMessageGet
 .text.rt_init_stack
                0x000000000000b0dc       0xa4 /Users/mannylemos/Documents/MATLAB/SupportPackages/R2020a/3P.instrset/cmsis.instrset/CMSIS/RTOS/RTX/LIB/GCC/libRTX_CM4.a(hal_cm.o)
                0x000000000000b0dc                rt_init_stack
 .text.rt_ret_val
                0x000000000000b180       0x14 /Users/mannylemos/Documents/MATLAB/SupportPackages/R2020a/3P.instrset/cmsis.instrset/CMSIS/RTOS/RTX/LIB/GCC/libRTX_CM4.a(hal_cm.o)
                0x000000000000b180                rt_ret_val
 .text.rt_ret_val2
                0x000000000000b194       0x24 /Users/mannylemos/Documents/MATLAB/SupportPackages/R2020a/3P.instrset/cmsis.instrset/CMSIS/RTOS/RTX/LIB/GCC/libRTX_CM4.a(hal_cm.o)
                0x000000000000b194                rt_ret_val2
 .text.dbg_init
                0x000000000000b1b8       0x34 /Users/mannylemos/Documents/MATLAB/SupportPackages/R2020a/3P.instrset/cmsis.instrset/CMSIS/RTOS/RTX/LIB/GCC/libRTX_CM4.a(hal_cm.o)
                0x000000000000b1b8                dbg_init
 .text.dbg_task_notify
                0x000000000000b1ec       0x2c /Users/mannylemos/Documents/MATLAB/SupportPackages/R2020a/3P.instrset/cmsis.instrset/CMSIS/RTOS/RTX/LIB/GCC/libRTX_CM4.a(hal_cm.o)
                0x000000000000b1ec                dbg_task_notify
 .text.dbg_task_switch
                0x000000000000b218       0x14 /Users/mannylemos/Documents/MATLAB/SupportPackages/R2020a/3P.instrset/cmsis.instrset/CMSIS/RTOS/RTX/LIB/GCC/libRTX_CM4.a(hal_cm.o)
                0x000000000000b218                dbg_task_switch
 .text.rt_init_mem
                0x000000000000b22c       0x1c /Users/mannylemos/Documents/MATLAB/SupportPackages/R2020a/3P.instrset/cmsis.instrset/CMSIS/RTOS/RTX/LIB/GCC/libRTX_CM4.a(rt_memory.o)
                0x000000000000b22c                rt_init_mem
 .text.rt_alloc_mem
                0x000000000000b248       0x50 /Users/mannylemos/Documents/MATLAB/SupportPackages/R2020a/3P.instrset/cmsis.instrset/CMSIS/RTOS/RTX/LIB/GCC/libRTX_CM4.a(rt_memory.o)
                0x000000000000b248                rt_alloc_mem
 .text.rt_free_mem
                0x000000000000b298       0x44 /Users/mannylemos/Documents/MATLAB/SupportPackages/R2020a/3P.instrset/cmsis.instrset/CMSIS/RTOS/RTX/LIB/GCC/libRTX_CM4.a(rt_memory.o)
                0x000000000000b298                rt_free_mem
 .text._init_box
                0x000000000000b2dc       0x58 /Users/mannylemos/Documents/MATLAB/SupportPackages/R2020a/3P.instrset/cmsis.instrset/CMSIS/RTOS/RTX/LIB/GCC/libRTX_CM4.a(rt_membox.o)
                0x000000000000b2dc                _init_box
 .text.rt_alloc_box
                0x000000000000b334       0x1c /Users/mannylemos/Documents/MATLAB/SupportPackages/R2020a/3P.instrset/cmsis.instrset/CMSIS/RTOS/RTX/LIB/GCC/libRTX_CM4.a(rt_membox.o)
                0x000000000000b334                rt_alloc_box
 .text.rt_free_box
                0x000000000000b350       0x28 /Users/mannylemos/Documents/MATLAB/SupportPackages/R2020a/3P.instrset/cmsis.instrset/CMSIS/RTOS/RTX/LIB/GCC/libRTX_CM4.a(rt_membox.o)
                0x000000000000b350                rt_free_box
 .text.rt_sem_psh
                0x000000000000b378       0x34 /Users/mannylemos/Documents/MATLAB/SupportPackages/R2020a/3P.instrset/cmsis.instrset/CMSIS/RTOS/RTX/LIB/GCC/libRTX_CM4.a(rt_semaphore.o)
                0x000000000000b378                rt_sem_psh
 .text.rt_mbx_init
                0x000000000000b3ac       0x1c /Users/mannylemos/Documents/MATLAB/SupportPackages/R2020a/3P.instrset/cmsis.instrset/CMSIS/RTOS/RTX/LIB/GCC/libRTX_CM4.a(rt_mailbox.o)
                0x000000000000b3ac                rt_mbx_init
 .text.rt_mbx_wait
                0x000000000000b3c8       0xa8 /Users/mannylemos/Documents/MATLAB/SupportPackages/R2020a/3P.instrset/cmsis.instrset/CMSIS/RTOS/RTX/LIB/GCC/libRTX_CM4.a(rt_mailbox.o)
                0x000000000000b3c8                rt_mbx_wait
 .text.rt_mbx_check
                0x000000000000b470        0x8 /Users/mannylemos/Documents/MATLAB/SupportPackages/R2020a/3P.instrset/cmsis.instrset/CMSIS/RTOS/RTX/LIB/GCC/libRTX_CM4.a(rt_mailbox.o)
                0x000000000000b470                rt_mbx_check
 .text.isr_mbx_send
                0x000000000000b478       0x10 /Users/mannylemos/Documents/MATLAB/SupportPackages/R2020a/3P.instrset/cmsis.instrset/CMSIS/RTOS/RTX/LIB/GCC/libRTX_CM4.a(rt_mailbox.o)
                0x000000000000b478                isr_mbx_send
 .text.rt_mbx_psh
                0x000000000000b488       0xe4 /Users/mannylemos/Documents/MATLAB/SupportPackages/R2020a/3P.instrset/cmsis.instrset/CMSIS/RTOS/RTX/LIB/GCC/libRTX_CM4.a(rt_mailbox.o)
                0x000000000000b488                rt_mbx_psh
 .text.rt_put_prio
                0x000000000000b56c       0x50 /Users/mannylemos/Documents/MATLAB/SupportPackages/R2020a/3P.instrset/cmsis.instrset/CMSIS/RTOS/RTX/LIB/GCC/libRTX_CM4.a(rt_list.o)
                0x000000000000b56c                rt_put_prio
 .text.rt_get_first
                0x000000000000b5bc       0x28 /Users/mannylemos/Documents/MATLAB/SupportPackages/R2020a/3P.instrset/cmsis.instrset/CMSIS/RTOS/RTX/LIB/GCC/libRTX_CM4.a(rt_list.o)
                0x000000000000b5bc                rt_get_first
 .text.rt_put_rdy_first
                0x000000000000b5e4       0x14 /Users/mannylemos/Documents/MATLAB/SupportPackages/R2020a/3P.instrset/cmsis.instrset/CMSIS/RTOS/RTX/LIB/GCC/libRTX_CM4.a(rt_list.o)
                0x000000000000b5e4                rt_put_rdy_first
 .text.rt_resort_prio
                0x000000000000b5f8       0x94 /Users/mannylemos/Documents/MATLAB/SupportPackages/R2020a/3P.instrset/cmsis.instrset/CMSIS/RTOS/RTX/LIB/GCC/libRTX_CM4.a(rt_list.o)
                0x000000000000b5f8                rt_resort_prio
 .text.rt_put_dly
                0x000000000000b68c       0x60 /Users/mannylemos/Documents/MATLAB/SupportPackages/R2020a/3P.instrset/cmsis.instrset/CMSIS/RTOS/RTX/LIB/GCC/libRTX_CM4.a(rt_list.o)
                0x000000000000b68c                rt_put_dly
 .text.rt_dec_dly
                0x000000000000b6ec       0xd8 /Users/mannylemos/Documents/MATLAB/SupportPackages/R2020a/3P.instrset/cmsis.instrset/CMSIS/RTOS/RTX/LIB/GCC/libRTX_CM4.a(rt_list.o)
                0x000000000000b6ec                rt_dec_dly
 .text.rt_rmv_list
                0x000000000000b7c4       0x2c /Users/mannylemos/Documents/MATLAB/SupportPackages/R2020a/3P.instrset/cmsis.instrset/CMSIS/RTOS/RTX/LIB/GCC/libRTX_CM4.a(rt_list.o)
                0x000000000000b7c4                rt_rmv_list
 .text.rt_rmv_dly
                0x000000000000b7f0       0x2c /Users/mannylemos/Documents/MATLAB/SupportPackages/R2020a/3P.instrset/cmsis.instrset/CMSIS/RTOS/RTX/LIB/GCC/libRTX_CM4.a(rt_list.o)
                0x000000000000b7f0                rt_rmv_dly
 .text.rt_psq_enq
                0x000000000000b81c       0x44 /Users/mannylemos/Documents/MATLAB/SupportPackages/R2020a/3P.instrset/cmsis.instrset/CMSIS/RTOS/RTX/LIB/GCC/libRTX_CM4.a(rt_list.o)
                0x000000000000b81c                rt_psq_enq
 .text.rt_evt_wait
                0x000000000000b860       0x4c /Users/mannylemos/Documents/MATLAB/SupportPackages/R2020a/3P.instrset/cmsis.instrset/CMSIS/RTOS/RTX/LIB/GCC/libRTX_CM4.a(rt_event.o)
                0x000000000000b860                rt_evt_wait
 .text.rt_evt_set
                0x000000000000b8ac       0x58 /Users/mannylemos/Documents/MATLAB/SupportPackages/R2020a/3P.instrset/cmsis.instrset/CMSIS/RTOS/RTX/LIB/GCC/libRTX_CM4.a(rt_event.o)
                0x000000000000b8ac                rt_evt_set
 .text.rt_evt_clr
                0x000000000000b904       0x18 /Users/mannylemos/Documents/MATLAB/SupportPackages/R2020a/3P.instrset/cmsis.instrset/CMSIS/RTOS/RTX/LIB/GCC/libRTX_CM4.a(rt_event.o)
                0x000000000000b904                rt_evt_clr
 .text.isr_evt_set
                0x000000000000b91c       0x24 /Users/mannylemos/Documents/MATLAB/SupportPackages/R2020a/3P.instrset/cmsis.instrset/CMSIS/RTOS/RTX/LIB/GCC/libRTX_CM4.a(rt_event.o)
                0x000000000000b91c                isr_evt_set
 .text.rt_evt_psh
                0x000000000000b940       0x50 /Users/mannylemos/Documents/MATLAB/SupportPackages/R2020a/3P.instrset/cmsis.instrset/CMSIS/RTOS/RTX/LIB/GCC/libRTX_CM4.a(rt_event.o)
                0x000000000000b940                rt_evt_psh
 .text.rt_psh_req
                0x000000000000b990       0x20 /Users/mannylemos/Documents/MATLAB/SupportPackages/R2020a/3P.instrset/cmsis.instrset/CMSIS/RTOS/RTX/LIB/GCC/libRTX_CM4.a(rt_system.o)
                0x000000000000b990                rt_psh_req
 .text.rt_pop_req
                0x000000000000b9b0       0x78 /Users/mannylemos/Documents/MATLAB/SupportPackages/R2020a/3P.instrset/cmsis.instrset/CMSIS/RTOS/RTX/LIB/GCC/libRTX_CM4.a(rt_system.o)
                0x000000000000b9b0                rt_pop_req
 .text.os_tick_init
                0x000000000000ba28       0x40 /Users/mannylemos/Documents/MATLAB/SupportPackages/R2020a/3P.instrset/cmsis.instrset/CMSIS/RTOS/RTX/LIB/GCC/libRTX_CM4.a(rt_system.o)
                0x000000000000ba28                os_tick_init
 .text.os_tick_irqack
                0x000000000000ba68        0x4 /Users/mannylemos/Documents/MATLAB/SupportPackages/R2020a/3P.instrset/cmsis.instrset/CMSIS/RTOS/RTX/LIB/GCC/libRTX_CM4.a(rt_system.o)
                0x000000000000ba68                os_tick_irqack
 .text.rt_systick
                0x000000000000ba6c       0x3c /Users/mannylemos/Documents/MATLAB/SupportPackages/R2020a/3P.instrset/cmsis.instrset/CMSIS/RTOS/RTX/LIB/GCC/libRTX_CM4.a(rt_system.o)
                0x000000000000ba6c                rt_systick
 .text.rt_stk_check
                0x000000000000baa8       0x24 /Users/mannylemos/Documents/MATLAB/SupportPackages/R2020a/3P.instrset/cmsis.instrset/CMSIS/RTOS/RTX/LIB/GCC/libRTX_CM4.a(rt_system.o)
                0x000000000000baa8                rt_stk_check
 .text.rt_switch_req
                0x000000000000bacc       0x24 /Users/mannylemos/Documents/MATLAB/SupportPackages/R2020a/3P.instrset/cmsis.instrset/CMSIS/RTOS/RTX/LIB/GCC/libRTX_CM4.a(rt_task.o)
                0x000000000000bacc                rt_switch_req
 .text.rt_dispatch
                0x000000000000baf0       0x7c /Users/mannylemos/Documents/MATLAB/SupportPackages/R2020a/3P.instrset/cmsis.instrset/CMSIS/RTOS/RTX/LIB/GCC/libRTX_CM4.a(rt_task.o)
                0x000000000000baf0                rt_dispatch
 .text.rt_block
                0x000000000000bb6c       0x50 /Users/mannylemos/Documents/MATLAB/SupportPackages/R2020a/3P.instrset/cmsis.instrset/CMSIS/RTOS/RTX/LIB/GCC/libRTX_CM4.a(rt_task.o)
                0x000000000000bb6c                rt_block
 .text.rt_tsk_self
                0x000000000000bbbc       0x10 /Users/mannylemos/Documents/MATLAB/SupportPackages/R2020a/3P.instrset/cmsis.instrset/CMSIS/RTOS/RTX/LIB/GCC/libRTX_CM4.a(rt_task.o)
                0x000000000000bbbc                rt_tsk_self
 .text.rt_tsk_prio
                0x000000000000bbcc       0xf8 /Users/mannylemos/Documents/MATLAB/SupportPackages/R2020a/3P.instrset/cmsis.instrset/CMSIS/RTOS/RTX/LIB/GCC/libRTX_CM4.a(rt_task.o)
                0x000000000000bbcc                rt_tsk_prio
 .text.rt_tsk_create
                0x000000000000bcc4      0x110 /Users/mannylemos/Documents/MATLAB/SupportPackages/R2020a/3P.instrset/cmsis.instrset/CMSIS/RTOS/RTX/LIB/GCC/libRTX_CM4.a(rt_task.o)
                0x000000000000bcc4                rt_tsk_create
 .text.rt_tsk_delete
                0x000000000000bdd4      0x1c4 /Users/mannylemos/Documents/MATLAB/SupportPackages/R2020a/3P.instrset/cmsis.instrset/CMSIS/RTOS/RTX/LIB/GCC/libRTX_CM4.a(rt_task.o)
                0x000000000000bdd4                rt_tsk_delete
 .text.rt_sys_init
                0x000000000000bf98       0xec /Users/mannylemos/Documents/MATLAB/SupportPackages/R2020a/3P.instrset/cmsis.instrset/CMSIS/RTOS/RTX/LIB/GCC/libRTX_CM4.a(rt_task.o)
                0x000000000000bf98                rt_sys_init
 .text.rt_sys_start
                0x000000000000c084       0x8c /Users/mannylemos/Documents/MATLAB/SupportPackages/R2020a/3P.instrset/cmsis.instrset/CMSIS/RTOS/RTX/LIB/GCC/libRTX_CM4.a(rt_task.o)
                0x000000000000c084                rt_sys_start
 .text.OSA_TimeInit
                0x000000000000c110       0x44 /Users/mannylemos/Documents/MATLAB/SupportPackages/R2020a/toolbox/target/supportpackages/freedomk64f/src/ksdk_armgcc_lib/bm/libksdk_platform.a(fsl_os_abstraction_bm.o)
                0x000000000000c110                OSA_TimeInit
 .text.OSA_TimeDiff
                0x000000000000c154        0xe /Users/mannylemos/Documents/MATLAB/SupportPackages/R2020a/toolbox/target/supportpackages/freedomk64f/src/ksdk_armgcc_lib/bm/libksdk_platform.a(fsl_os_abstraction_bm.o)
                0x000000000000c154                OSA_TimeDiff
 *fill*         0x000000000000c162        0x2 
 .text.OSA_SemaCreate
                0x000000000000c164       0x2c /Users/mannylemos/Documents/MATLAB/SupportPackages/R2020a/toolbox/target/supportpackages/freedomk64f/src/ksdk_armgcc_lib/bm/libksdk_platform.a(fsl_os_abstraction_bm.o)
                0x000000000000c164                OSA_SemaCreate
 .text.OSA_SemaPost
                0x000000000000c190       0x3c /Users/mannylemos/Documents/MATLAB/SupportPackages/R2020a/toolbox/target/supportpackages/freedomk64f/src/ksdk_armgcc_lib/bm/libksdk_platform.a(fsl_os_abstraction_bm.o)
                0x000000000000c190                OSA_SemaPost
 .text.task_init
                0x000000000000c1cc       0x38 /Users/mannylemos/Documents/MATLAB/SupportPackages/R2020a/toolbox/target/supportpackages/freedomk64f/src/ksdk_armgcc_lib/bm/libksdk_platform.a(fsl_os_abstraction_bm.o)
                0x000000000000c1cc                task_init
 .text.OSA_TimeGetMsec
                0x000000000000c204        0xc /Users/mannylemos/Documents/MATLAB/SupportPackages/R2020a/toolbox/target/supportpackages/freedomk64f/src/ksdk_armgcc_lib/bm/libksdk_platform.a(fsl_os_abstraction_bm.o)
                0x000000000000c204                OSA_TimeGetMsec
 .text.OSA_TimeDelay
                0x000000000000c210       0x1c /Users/mannylemos/Documents/MATLAB/SupportPackages/R2020a/toolbox/target/supportpackages/freedomk64f/src/ksdk_armgcc_lib/bm/libksdk_platform.a(fsl_os_abstraction_bm.o)
                0x000000000000c210                OSA_TimeDelay
 .text.OSA_Init
                0x000000000000c22c        0xe /Users/mannylemos/Documents/MATLAB/SupportPackages/R2020a/toolbox/target/supportpackages/freedomk64f/src/ksdk_armgcc_lib/bm/libksdk_platform.a(fsl_os_abstraction_bm.o)
                0x000000000000c22c                OSA_Init
 *fill*         0x000000000000c23a        0x2 
 .text.CLOCK_SYS_SetMcgPeeToFbe
                0x000000000000c23c       0x34 /Users/mannylemos/Documents/MATLAB/SupportPackages/R2020a/toolbox/target/supportpackages/freedomk64f/src/ksdk_armgcc_lib/bm/libksdk_platform.a(fsl_clock_manager.o)
 .text.CLOCK_SYS_SetMcgMode
                0x000000000000c270      0x124 /Users/mannylemos/Documents/MATLAB/SupportPackages/R2020a/toolbox/target/supportpackages/freedomk64f/src/ksdk_armgcc_lib/bm/libksdk_platform.a(fsl_clock_manager.o)
                0x000000000000c270                CLOCK_SYS_SetMcgMode
 .text.CLOCK_SYS_SetOscerConfigration
                0x000000000000c394       0x1c /Users/mannylemos/Documents/MATLAB/SupportPackages/R2020a/toolbox/target/supportpackages/freedomk64f/src/ksdk_armgcc_lib/bm/libksdk_platform.a(fsl_clock_manager.o)
                0x000000000000c394                CLOCK_SYS_SetOscerConfigration
 .text.CLOCK_SYS_OscInit
                0x000000000000c3b0       0x9c /Users/mannylemos/Documents/MATLAB/SupportPackages/R2020a/toolbox/target/supportpackages/freedomk64f/src/ksdk_armgcc_lib/bm/libksdk_platform.a(fsl_clock_manager.o)
                0x000000000000c3b0                CLOCK_SYS_OscInit
 .text.CLOCK_SYS_RtcOscInit
                0x000000000000c44c       0x68 /Users/mannylemos/Documents/MATLAB/SupportPackages/R2020a/toolbox/target/supportpackages/freedomk64f/src/ksdk_armgcc_lib/bm/libksdk_platform.a(fsl_clock_manager.o)
                0x000000000000c44c                CLOCK_SYS_RtcOscInit
 .text.SIM_HAL_EnableClock.constprop.10
                0x000000000000c4b4       0x1c /Users/mannylemos/Documents/MATLAB/SupportPackages/R2020a/toolbox/target/supportpackages/freedomk64f/src/ksdk_armgcc_lib/bm/libksdk_platform.a(fsl_clock_MK64F12.o)
 .text.CLOCK_SYS_GetCoreClockFreq
                0x000000000000c4d0       0x24 /Users/mannylemos/Documents/MATLAB/SupportPackages/R2020a/toolbox/target/supportpackages/freedomk64f/src/ksdk_armgcc_lib/bm/libksdk_platform.a(fsl_clock_MK64F12.o)
                0x000000000000c4d0                CLOCK_SYS_GetCoreClockFreq
 .text.CLOCK_SYS_SetConfiguration
                0x000000000000c4f4       0x94 /Users/mannylemos/Documents/MATLAB/SupportPackages/R2020a/toolbox/target/supportpackages/freedomk64f/src/ksdk_armgcc_lib/bm/libksdk_platform.a(fsl_clock_MK64F12.o)
                0x000000000000c4f4                CLOCK_SYS_SetConfiguration
 .text.CLOCK_SYS_FllStableDelay
                0x000000000000c588       0x1a /Users/mannylemos/Documents/MATLAB/SupportPackages/R2020a/toolbox/target/supportpackages/freedomk64f/src/ksdk_armgcc_lib/bm/libksdk_platform.a(fsl_clock_MK64F12.o)
 *fill*         0x000000000000c5a2        0x2 
 .text.CLOCK_SYS_GetBusClockFreq
                0x000000000000c5a4       0x24 /Users/mannylemos/Documents/MATLAB/SupportPackages/R2020a/toolbox/target/supportpackages/freedomk64f/src/ksdk_armgcc_lib/bm/libksdk_platform.a(fsl_clock_MK64F12.o)
                0x000000000000c5a4                CLOCK_SYS_GetBusClockFreq
 .text.CLOCK_SYS_GetUartFreq
                0x000000000000c5c8       0x1a /Users/mannylemos/Documents/MATLAB/SupportPackages/R2020a/toolbox/target/supportpackages/freedomk64f/src/ksdk_armgcc_lib/bm/libksdk_platform.a(fsl_clock_MK64F12.o)
                0x000000000000c5c8                CLOCK_SYS_GetUartFreq
 *fill*         0x000000000000c5e2        0x2 
 .text.CLOCK_SYS_GetFtmExternalFreq
                0x000000000000c5e4       0x20 /Users/mannylemos/Documents/MATLAB/SupportPackages/R2020a/toolbox/target/supportpackages/freedomk64f/src/ksdk_armgcc_lib/bm/libksdk_platform.a(fsl_clock_MK64F12.o)
                0x000000000000c5e4                CLOCK_SYS_GetFtmExternalFreq
 .text.CLOCK_SYS_EnablePortClock
                0x000000000000c604       0x30 /Users/mannylemos/Documents/MATLAB/SupportPackages/R2020a/toolbox/target/supportpackages/freedomk64f/src/ksdk_armgcc_lib/bm/libksdk_platform.a(fsl_clock_MK64F12.o)
                0x000000000000c604                CLOCK_SYS_EnablePortClock
 .text.CLOCK_SYS_EnableAdcClock
                0x000000000000c634       0x30 /Users/mannylemos/Documents/MATLAB/SupportPackages/R2020a/toolbox/target/supportpackages/freedomk64f/src/ksdk_armgcc_lib/bm/libksdk_platform.a(fsl_clock_MK64F12.o)
                0x000000000000c634                CLOCK_SYS_EnableAdcClock
 .text.CLOCK_SYS_EnableFtmClock
                0x000000000000c664       0x30 /Users/mannylemos/Documents/MATLAB/SupportPackages/R2020a/toolbox/target/supportpackages/freedomk64f/src/ksdk_armgcc_lib/bm/libksdk_platform.a(fsl_clock_MK64F12.o)
                0x000000000000c664                CLOCK_SYS_EnableFtmClock
 .text.CLOCK_SYS_EnableI2cClock
                0x000000000000c694       0x30 /Users/mannylemos/Documents/MATLAB/SupportPackages/R2020a/toolbox/target/supportpackages/freedomk64f/src/ksdk_armgcc_lib/bm/libksdk_platform.a(fsl_clock_MK64F12.o)
                0x000000000000c694                CLOCK_SYS_EnableI2cClock
 .text.CLOCK_SYS_EnableUartClock
                0x000000000000c6c4       0x30 /Users/mannylemos/Documents/MATLAB/SupportPackages/R2020a/toolbox/target/supportpackages/freedomk64f/src/ksdk_armgcc_lib/bm/libksdk_platform.a(fsl_clock_MK64F12.o)
                0x000000000000c6c4                CLOCK_SYS_EnableUartClock
 .text.INT_SYS_EnableIRQGlobal
                0x000000000000c6f4       0x14 /Users/mannylemos/Documents/MATLAB/SupportPackages/R2020a/toolbox/target/supportpackages/freedomk64f/src/ksdk_armgcc_lib/bm/libksdk_platform.a(fsl_interrupt_manager.o)
                0x000000000000c6f4                INT_SYS_EnableIRQGlobal
 .text.INT_SYS_DisableIRQGlobal
                0x000000000000c708       0x10 /Users/mannylemos/Documents/MATLAB/SupportPackages/R2020a/toolbox/target/supportpackages/freedomk64f/src/ksdk_armgcc_lib/bm/libksdk_platform.a(fsl_interrupt_manager.o)
                0x000000000000c708                INT_SYS_DisableIRQGlobal
 .text.unlikely.ADC16_HAL_GetChnConvCompletedFlag.part.0
                0x000000000000c718       0x1c /Users/mannylemos/Documents/MATLAB/SupportPackages/R2020a/toolbox/target/supportpackages/freedomk64f/src/ksdk_armgcc_lib/bm/libksdk_platform.a(fsl_adc16_driver.o)
 .text.ADC16_DRV_StructInitUserConfigDefault
                0x000000000000c734       0x24 /Users/mannylemos/Documents/MATLAB/SupportPackages/R2020a/toolbox/target/supportpackages/freedomk64f/src/ksdk_armgcc_lib/bm/libksdk_platform.a(fsl_adc16_driver.o)
                0x000000000000c734                ADC16_DRV_StructInitUserConfigDefault
 .text.ADC16_DRV_Init
                0x000000000000c758       0x90 /Users/mannylemos/Documents/MATLAB/SupportPackages/R2020a/toolbox/target/supportpackages/freedomk64f/src/ksdk_armgcc_lib/bm/libksdk_platform.a(fsl_adc16_driver.o)
                0x000000000000c758                ADC16_DRV_Init
 .text.ADC16_DRV_SetChnMux
                0x000000000000c7e8       0x40 /Users/mannylemos/Documents/MATLAB/SupportPackages/R2020a/toolbox/target/supportpackages/freedomk64f/src/ksdk_armgcc_lib/bm/libksdk_platform.a(fsl_adc16_driver.o)
                0x000000000000c7e8                ADC16_DRV_SetChnMux
 .text.ADC16_DRV_ConfigConvChn
                0x000000000000c828       0x38 /Users/mannylemos/Documents/MATLAB/SupportPackages/R2020a/toolbox/target/supportpackages/freedomk64f/src/ksdk_armgcc_lib/bm/libksdk_platform.a(fsl_adc16_driver.o)
                0x000000000000c828                ADC16_DRV_ConfigConvChn
 .text.ADC16_DRV_WaitConvDone
                0x000000000000c860       0x48 /Users/mannylemos/Documents/MATLAB/SupportPackages/R2020a/toolbox/target/supportpackages/freedomk64f/src/ksdk_armgcc_lib/bm/libksdk_platform.a(fsl_adc16_driver.o)
                0x000000000000c860                ADC16_DRV_WaitConvDone
 .text.ADC16_DRV_GetConvValueRAW
                0x000000000000c8a8       0x50 /Users/mannylemos/Documents/MATLAB/SupportPackages/R2020a/toolbox/target/supportpackages/freedomk64f/src/ksdk_armgcc_lib/bm/libksdk_platform.a(fsl_adc16_driver.o)
                0x000000000000c8a8                ADC16_DRV_GetConvValueRAW
 .text.EDMA_HAL_SetErrorIntCmd
                0x000000000000c8f8        0xa /Users/mannylemos/Documents/MATLAB/SupportPackages/R2020a/toolbox/target/supportpackages/freedomk64f/src/ksdk_armgcc_lib/bm/libksdk_platform.a(fsl_edma_hal.o)
                0x000000000000c8f8                EDMA_HAL_SetErrorIntCmd
 .text.EDMA_HAL_SetDmaRequestCmd
                0x000000000000c902        0xa /Users/mannylemos/Documents/MATLAB/SupportPackages/R2020a/toolbox/target/supportpackages/freedomk64f/src/ksdk_armgcc_lib/bm/libksdk_platform.a(fsl_edma_hal.o)
                0x000000000000c902                EDMA_HAL_SetDmaRequestCmd
 .text.EDMA_HAL_HTCDClearReg
                0x000000000000c90c       0x4a /Users/mannylemos/Documents/MATLAB/SupportPackages/R2020a/toolbox/target/supportpackages/freedomk64f/src/ksdk_armgcc_lib/bm/libksdk_platform.a(fsl_edma_hal.o)
                0x000000000000c90c                EDMA_HAL_HTCDClearReg
 .text.EDMA_HAL_Init
                0x000000000000c956       0x28 /Users/mannylemos/Documents/MATLAB/SupportPackages/R2020a/toolbox/target/supportpackages/freedomk64f/src/ksdk_armgcc_lib/bm/libksdk_platform.a(fsl_edma_hal.o)
                0x000000000000c956                EDMA_HAL_Init
 *fill*         0x000000000000c97e        0x2 
 .text.EDMA_HAL_HTCDSetAttribute
                0x000000000000c980       0x48 /Users/mannylemos/Documents/MATLAB/SupportPackages/R2020a/toolbox/target/supportpackages/freedomk64f/src/ksdk_armgcc_lib/bm/libksdk_platform.a(fsl_edma_hal.o)
                0x000000000000c980                EDMA_HAL_HTCDSetAttribute
 .text.EDMA_HAL_HTCDSetNbytes
                0x000000000000c9c8       0x70 /Users/mannylemos/Documents/MATLAB/SupportPackages/R2020a/toolbox/target/supportpackages/freedomk64f/src/ksdk_armgcc_lib/bm/libksdk_platform.a(fsl_edma_hal.o)
                0x000000000000c9c8                EDMA_HAL_HTCDSetNbytes
 .text.EDMA_HAL_HTCDGetNbytes
                0x000000000000ca38       0x60 /Users/mannylemos/Documents/MATLAB/SupportPackages/R2020a/toolbox/target/supportpackages/freedomk64f/src/ksdk_armgcc_lib/bm/libksdk_platform.a(fsl_edma_hal.o)
                0x000000000000ca38                EDMA_HAL_HTCDGetNbytes
 .text.EDMA_HAL_HTCDSetChannelMinorLink
                0x000000000000ca98       0x74 /Users/mannylemos/Documents/MATLAB/SupportPackages/R2020a/toolbox/target/supportpackages/freedomk64f/src/ksdk_armgcc_lib/bm/libksdk_platform.a(fsl_edma_hal.o)
                0x000000000000ca98                EDMA_HAL_HTCDSetChannelMinorLink
 .text.EDMA_HAL_HTCDSetMajorCount
                0x000000000000cb0c       0x68 /Users/mannylemos/Documents/MATLAB/SupportPackages/R2020a/toolbox/target/supportpackages/freedomk64f/src/ksdk_armgcc_lib/bm/libksdk_platform.a(fsl_edma_hal.o)
                0x000000000000cb0c                EDMA_HAL_HTCDSetMajorCount
 .text.EDMA_HAL_HTCDGetUnfinishedBytes
                0x000000000000cb74       0x54 /Users/mannylemos/Documents/MATLAB/SupportPackages/R2020a/toolbox/target/supportpackages/freedomk64f/src/ksdk_armgcc_lib/bm/libksdk_platform.a(fsl_edma_hal.o)
                0x000000000000cb74                EDMA_HAL_HTCDGetUnfinishedBytes
 .text.INT_SYS_EnableIRQ
                0x000000000000cbc8       0x48 /Users/mannylemos/Documents/MATLAB/SupportPackages/R2020a/toolbox/target/supportpackages/freedomk64f/src/ksdk_armgcc_lib/bm/libksdk_platform.a(fsl_edma_driver.o)
 .text.EDMA_DRV_ClaimChannel
                0x000000000000cc10       0x6c /Users/mannylemos/Documents/MATLAB/SupportPackages/R2020a/toolbox/target/supportpackages/freedomk64f/src/ksdk_armgcc_lib/bm/libksdk_platform.a(fsl_edma_driver.o)
 .text.EDMA_DRV_Init
                0x000000000000cc7c       0x7c /Users/mannylemos/Documents/MATLAB/SupportPackages/R2020a/toolbox/target/supportpackages/freedomk64f/src/ksdk_armgcc_lib/bm/libksdk_platform.a(fsl_edma_driver.o)
                0x000000000000cc7c                EDMA_DRV_Init
 .text.EDMA_DRV_InstallCallback
                0x000000000000ccf8        0x8 /Users/mannylemos/Documents/MATLAB/SupportPackages/R2020a/toolbox/target/supportpackages/freedomk64f/src/ksdk_armgcc_lib/bm/libksdk_platform.a(fsl_edma_driver.o)
                0x000000000000ccf8                EDMA_DRV_InstallCallback
 .text.EDMA_DRV_RequestChannel
                0x000000000000cd00       0x70 /Users/mannylemos/Documents/MATLAB/SupportPackages/R2020a/toolbox/target/supportpackages/freedomk64f/src/ksdk_armgcc_lib/bm/libksdk_platform.a(fsl_edma_driver.o)
                0x000000000000cd00                EDMA_DRV_RequestChannel
 .text.EDMA_DRV_IRQHandler
                0x000000000000cd70       0x30 /Users/mannylemos/Documents/MATLAB/SupportPackages/R2020a/toolbox/target/supportpackages/freedomk64f/src/ksdk_armgcc_lib/bm/libksdk_platform.a(fsl_edma_driver.o)
                0x000000000000cd70                EDMA_DRV_IRQHandler
 .text.EDMA_DRV_ErrorIRQHandler
                0x000000000000cda0       0x88 /Users/mannylemos/Documents/MATLAB/SupportPackages/R2020a/toolbox/target/supportpackages/freedomk64f/src/ksdk_armgcc_lib/bm/libksdk_platform.a(fsl_edma_driver.o)
                0x000000000000cda0                EDMA_DRV_ErrorIRQHandler
 .text.FTM_HAL_SetClockSource
                0x000000000000ce28       0x12 /Users/mannylemos/Documents/MATLAB/SupportPackages/R2020a/toolbox/target/supportpackages/freedomk64f/src/ksdk_armgcc_lib/bm/libksdk_platform.a(fsl_ftm_driver.o)
 *fill*         0x000000000000ce3a        0x2 
 .text.unlikely.FTM_HAL_SetChnCountVal.part.2
                0x000000000000ce3c       0x1c /Users/mannylemos/Documents/MATLAB/SupportPackages/R2020a/toolbox/target/supportpackages/freedomk64f/src/ksdk_armgcc_lib/bm/libksdk_platform.a(fsl_ftm_driver.o)
 .text.FTM_DRV_Init
                0x000000000000ce58      0x108 /Users/mannylemos/Documents/MATLAB/SupportPackages/R2020a/toolbox/target/supportpackages/freedomk64f/src/ksdk_armgcc_lib/bm/libksdk_platform.a(fsl_ftm_driver.o)
                0x000000000000ce58                FTM_DRV_Init
 .text.FTM_DRV_SetClock
                0x000000000000cf60       0x54 /Users/mannylemos/Documents/MATLAB/SupportPackages/R2020a/toolbox/target/supportpackages/freedomk64f/src/ksdk_armgcc_lib/bm/libksdk_platform.a(fsl_ftm_driver.o)
                0x000000000000cf60                FTM_DRV_SetClock
 .text.FTM_DRV_GetClock
                0x000000000000cfb4       0x68 /Users/mannylemos/Documents/MATLAB/SupportPackages/R2020a/toolbox/target/supportpackages/freedomk64f/src/ksdk_armgcc_lib/bm/libksdk_platform.a(fsl_ftm_driver.o)
                0x000000000000cfb4                FTM_DRV_GetClock
 .text.FTM_DRV_PwmStart
                0x000000000000d01c      0x1c8 /Users/mannylemos/Documents/MATLAB/SupportPackages/R2020a/toolbox/target/supportpackages/freedomk64f/src/ksdk_armgcc_lib/bm/libksdk_platform.a(fsl_ftm_driver.o)
                0x000000000000d01c                FTM_DRV_PwmStart
 .text.unlikely.PORT_HAL_SetMuxMode.part.0
                0x000000000000d1e4       0x1c /Users/mannylemos/Documents/MATLAB/SupportPackages/R2020a/toolbox/target/supportpackages/freedomk64f/src/ksdk_armgcc_lib/bm/libksdk_platform.a(fsl_gpio_driver.o)
 .text.GPIO_DRV_InputPinInit
                0x000000000000d200       0xe0 /Users/mannylemos/Documents/MATLAB/SupportPackages/R2020a/toolbox/target/supportpackages/freedomk64f/src/ksdk_armgcc_lib/bm/libksdk_platform.a(fsl_gpio_driver.o)
                0x000000000000d200                GPIO_DRV_InputPinInit
 .text.GPIO_DRV_OutputPinInit
                0x000000000000d2e0       0x70 /Users/mannylemos/Documents/MATLAB/SupportPackages/R2020a/toolbox/target/supportpackages/freedomk64f/src/ksdk_armgcc_lib/bm/libksdk_platform.a(fsl_gpio_driver.o)
                0x000000000000d2e0                GPIO_DRV_OutputPinInit
 .text.GPIO_DRV_WritePinOutput
                0x000000000000d350       0x1c /Users/mannylemos/Documents/MATLAB/SupportPackages/R2020a/toolbox/target/supportpackages/freedomk64f/src/ksdk_armgcc_lib/bm/libksdk_platform.a(fsl_gpio_driver.o)
                0x000000000000d350                GPIO_DRV_WritePinOutput
 .text.GPIO_DRV_ReadPinInput
                0x000000000000d36c       0x3c /Users/mannylemos/Documents/MATLAB/SupportPackages/R2020a/toolbox/target/supportpackages/freedomk64f/src/ksdk_armgcc_lib/bm/libksdk_platform.a(fsl_gpio_driver.o)
                0x000000000000d36c                GPIO_DRV_ReadPinInput
 .text.I2C_HAL_Init
                0x000000000000d3a8       0x1c /Users/mannylemos/Documents/MATLAB/SupportPackages/R2020a/toolbox/target/supportpackages/freedomk64f/src/ksdk_armgcc_lib/bm/libksdk_platform.a(fsl_i2c_hal.o)
                0x000000000000d3a8                I2C_HAL_Init
 .text.I2C_HAL_SetBaudRate
                0x000000000000d3c4       0x70 /Users/mannylemos/Documents/MATLAB/SupportPackages/R2020a/toolbox/target/supportpackages/freedomk64f/src/ksdk_armgcc_lib/bm/libksdk_platform.a(fsl_i2c_hal.o)
                0x000000000000d3c4                I2C_HAL_SetBaudRate
 .text.I2C_HAL_SendStart
                0x000000000000d434       0x1c /Users/mannylemos/Documents/MATLAB/SupportPackages/R2020a/toolbox/target/supportpackages/freedomk64f/src/ksdk_armgcc_lib/bm/libksdk_platform.a(fsl_i2c_hal.o)
                0x000000000000d434                I2C_HAL_SendStart
 .text.I2C_HAL_SendStop
                0x000000000000d450       0x4c /Users/mannylemos/Documents/MATLAB/SupportPackages/R2020a/toolbox/target/supportpackages/freedomk64f/src/ksdk_armgcc_lib/bm/libksdk_platform.a(fsl_i2c_hal.o)
                0x000000000000d450                I2C_HAL_SendStop
 .text.LPTMR_HAL_SetTimerWorkingMode
                0x000000000000d49c       0x3c /Users/mannylemos/Documents/MATLAB/SupportPackages/R2020a/toolbox/target/supportpackages/freedomk64f/src/ksdk_armgcc_lib/bm/libksdk_platform.a(fsl_lptmr_hal.o)
                0x000000000000d49c                LPTMR_HAL_SetTimerWorkingMode
 .text.LPTMR_HAL_SetPrescalerMode
                0x000000000000d4d8       0x1a /Users/mannylemos/Documents/MATLAB/SupportPackages/R2020a/toolbox/target/supportpackages/freedomk64f/src/ksdk_armgcc_lib/bm/libksdk_platform.a(fsl_lptmr_hal.o)
                0x000000000000d4d8                LPTMR_HAL_SetPrescalerMode
 .text.LPTMR_HAL_GetCounterValue
                0x000000000000d4f2        0xe /Users/mannylemos/Documents/MATLAB/SupportPackages/R2020a/toolbox/target/supportpackages/freedomk64f/src/ksdk_armgcc_lib/bm/libksdk_platform.a(fsl_lptmr_hal.o)
                0x000000000000d4f2                LPTMR_HAL_GetCounterValue
 .text.CLOCK_HAL_TestOscFreq
                0x000000000000d500       0x28 /Users/mannylemos/Documents/MATLAB/SupportPackages/R2020a/toolbox/target/supportpackages/freedomk64f/src/ksdk_armgcc_lib/bm/libksdk_platform.a(fsl_mcg_hal.o)
                0x000000000000d500                CLOCK_HAL_TestOscFreq
 .text.CLOCK_HAL_GetMcgExternalClkFreq
                0x000000000000d528        0xa /Users/mannylemos/Documents/MATLAB/SupportPackages/R2020a/toolbox/target/supportpackages/freedomk64f/src/ksdk_armgcc_lib/bm/libksdk_platform.a(fsl_mcg_hal.o)
 .text.CLOCK_HAL_TestFllExternalRefFreq
                0x000000000000d532       0x32 /Users/mannylemos/Documents/MATLAB/SupportPackages/R2020a/toolbox/target/supportpackages/freedomk64f/src/ksdk_armgcc_lib/bm/libksdk_platform.a(fsl_mcg_hal.o)
                0x000000000000d532                CLOCK_HAL_TestFllExternalRefFreq
 .text.CLOCK_HAL_GetFllRefClk
                0x000000000000d564       0x3c /Users/mannylemos/Documents/MATLAB/SupportPackages/R2020a/toolbox/target/supportpackages/freedomk64f/src/ksdk_armgcc_lib/bm/libksdk_platform.a(fsl_mcg_hal.o)
                0x000000000000d564                CLOCK_HAL_GetFllRefClk
 .text.CLOCK_HAL_TestFllFreq
                0x000000000000d5a0       0x34 /Users/mannylemos/Documents/MATLAB/SupportPackages/R2020a/toolbox/target/supportpackages/freedomk64f/src/ksdk_armgcc_lib/bm/libksdk_platform.a(fsl_mcg_hal.o)
                0x000000000000d5a0                CLOCK_HAL_TestFllFreq
 .text.CLOCK_HAL_GetFllClk
                0x000000000000d5d4       0x36 /Users/mannylemos/Documents/MATLAB/SupportPackages/R2020a/toolbox/target/supportpackages/freedomk64f/src/ksdk_armgcc_lib/bm/libksdk_platform.a(fsl_mcg_hal.o)
                0x000000000000d5d4                CLOCK_HAL_GetFllClk
 .text.CLOCK_HAL_UpdateFastClkInternalRefDiv
                0x000000000000d60a       0x52 /Users/mannylemos/Documents/MATLAB/SupportPackages/R2020a/toolbox/target/supportpackages/freedomk64f/src/ksdk_armgcc_lib/bm/libksdk_platform.a(fsl_mcg_hal.o)
                0x000000000000d60a                CLOCK_HAL_UpdateFastClkInternalRefDiv
 .text.CLOCK_HAL_GetPll0Clk
                0x000000000000d65c       0x3e /Users/mannylemos/Documents/MATLAB/SupportPackages/R2020a/toolbox/target/supportpackages/freedomk64f/src/ksdk_armgcc_lib/bm/libksdk_platform.a(fsl_mcg_hal.o)
                0x000000000000d65c                CLOCK_HAL_GetPll0Clk
 .text.CLOCK_HAL_EnablePll0InFllMode
                0x000000000000d69a       0x38 /Users/mannylemos/Documents/MATLAB/SupportPackages/R2020a/toolbox/target/supportpackages/freedomk64f/src/ksdk_armgcc_lib/bm/libksdk_platform.a(fsl_mcg_hal.o)
                0x000000000000d69a                CLOCK_HAL_EnablePll0InFllMode
 *fill*         0x000000000000d6d2        0x2 
 .text.CLOCK_HAL_GetInternalRefClk
                0x000000000000d6d4       0x3c /Users/mannylemos/Documents/MATLAB/SupportPackages/R2020a/toolbox/target/supportpackages/freedomk64f/src/ksdk_armgcc_lib/bm/libksdk_platform.a(fsl_mcg_hal.o)
                0x000000000000d6d4                CLOCK_HAL_GetInternalRefClk
 .text.CLOCK_HAL_GetOutClk
                0x000000000000d710       0x22 /Users/mannylemos/Documents/MATLAB/SupportPackages/R2020a/toolbox/target/supportpackages/freedomk64f/src/ksdk_armgcc_lib/bm/libksdk_platform.a(fsl_mcg_hal.o)
                0x000000000000d710                CLOCK_HAL_GetOutClk
 .text.CLOCK_HAL_GetFixedFreqClk
                0x000000000000d732       0x20 /Users/mannylemos/Documents/MATLAB/SupportPackages/R2020a/toolbox/target/supportpackages/freedomk64f/src/ksdk_armgcc_lib/bm/libksdk_platform.a(fsl_mcg_hal.o)
                0x000000000000d732                CLOCK_HAL_GetFixedFreqClk
 .text.CLOCK_HAL_SetOsc0Mode
                0x000000000000d752       0x24 /Users/mannylemos/Documents/MATLAB/SupportPackages/R2020a/toolbox/target/supportpackages/freedomk64f/src/ksdk_armgcc_lib/bm/libksdk_platform.a(fsl_mcg_hal.o)
                0x000000000000d752                CLOCK_HAL_SetOsc0Mode
 .text.CLOCK_HAL_PrepareOsc